Component: ARM Compiler 5.06 update 1 (build 61) Tool: armlink [4d35a8]

==============================================================================

Section Cross References

    startup_stm32f10x_hd.o(RESET) refers to startup_stm32f10x_hd.o(STACK) for __initial_sp
    startup_stm32f10x_hd.o(RESET) refers to startup_stm32f10x_hd.o(.text) for Reset_Handler
    startup_stm32f10x_hd.o(RESET) refers to stm32f10x_it.o(i.NMI_Handler) for NMI_Handler
    startup_stm32f10x_hd.o(RESET) refers to stm32f10x_it.o(i.HardFault_Handler) for HardFault_Handler
    startup_stm32f10x_hd.o(RESET) refers to stm32f10x_it.o(i.MemManage_Handler) for MemManage_Handler
    startup_stm32f10x_hd.o(RESET) refers to stm32f10x_it.o(i.BusFault_Handler) for BusFault_Handler
    startup_stm32f10x_hd.o(RESET) refers to stm32f10x_it.o(i.UsageFault_Handler) for UsageFault_Handler
    startup_stm32f10x_hd.o(RESET) refers to stm32f10x_it.o(i.SVC_Handler) for SVC_Handler
    startup_stm32f10x_hd.o(RESET) refers to stm32f10x_it.o(i.DebugMon_Handler) for DebugMon_Handler
    startup_stm32f10x_hd.o(RESET) refers to stm32f10x_it.o(i.PendSV_Handler) for PendSV_Handler
    startup_stm32f10x_hd.o(RESET) refers to stm32f10x_it.o(i.SysTick_Handler) for SysTick_Handler
    startup_stm32f10x_hd.o(RESET) refers to stm32f10x_it.o(i.EXTI0_IRQHandler) for EXTI0_IRQHandler
    startup_stm32f10x_hd.o(RESET) refers to stm32f10x_it.o(i.DMA1_Channel3_IRQHandler) for DMA1_Channel3_IRQHandler
    startup_stm32f10x_hd.o(RESET) refers to stm32f10x_it.o(i.TIM4_IRQHandler) for TIM4_IRQHandler
    startup_stm32f10x_hd.o(RESET) refers to stm32f10x_it.o(i.USART1_IRQHandler) for USART1_IRQHandler
    startup_stm32f10x_hd.o(RESET) refers to stm32f10x_it.o(i.USART2_IRQHandler) for USART2_IRQHandler
    startup_stm32f10x_hd.o(RESET) refers to stm32f10x_it.o(i.EXTI15_10_IRQHandler) for EXTI15_10_IRQHandler
    startup_stm32f10x_hd.o(.text) refers to system_stm32f10x.o(i.SystemInit) for SystemInit
    startup_stm32f10x_hd.o(.text) refers to entry.o(.ARM.Collect$$$$00000000) for __main
    system_stm32f10x.o(i.SetSysClock) refers to system_stm32f10x.o(i.SetSysClockTo72) for SetSysClockTo72
    system_stm32f10x.o(i.SystemCoreClockUpdate) refers to system_stm32f10x.o(.data) for .data
    system_stm32f10x.o(i.SystemInit) refers to system_stm32f10x.o(i.SetSysClock) for SetSysClock
    stm32f10x_gpio.o(i.GPIO_AFIODeInit) refers to stm32f10x_rcc.o(i.RCC_APB2PeriphResetCmd) for RCC_APB2PeriphResetCmd
    stm32f10x_gpio.o(i.GPIO_DeInit) refers to stm32f10x_rcc.o(i.RCC_APB2PeriphResetCmd) for RCC_APB2PeriphResetCmd
    stm32f10x_i2c.o(i.I2C_DeInit) refers to stm32f10x_rcc.o(i.RCC_APB1PeriphResetCmd) for RCC_APB1PeriphResetCmd
    stm32f10x_i2c.o(i.I2C_Init) refers to stm32f10x_rcc.o(i.RCC_GetClocksFreq) for RCC_GetClocksFreq
    stm32f10x_rcc.o(i.RCC_GetClocksFreq) refers to stm32f10x_rcc.o(.data) for .data
    stm32f10x_rcc.o(i.RCC_WaitForHSEStartUp) refers to stm32f10x_rcc.o(i.RCC_GetFlagStatus) for RCC_GetFlagStatus
    stm32f10x_tim.o(i.TIM_DeInit) refers to stm32f10x_rcc.o(i.RCC_APB2PeriphResetCmd) for RCC_APB2PeriphResetCmd
    stm32f10x_tim.o(i.TIM_DeInit) refers to stm32f10x_rcc.o(i.RCC_APB1PeriphResetCmd) for RCC_APB1PeriphResetCmd
    stm32f10x_tim.o(i.TIM_ETRClockMode1Config) refers to stm32f10x_tim.o(i.TIM_ETRConfig) for TIM_ETRConfig
    stm32f10x_tim.o(i.TIM_ETRClockMode2Config) refers to stm32f10x_tim.o(i.TIM_ETRConfig) for TIM_ETRConfig
    stm32f10x_tim.o(i.TIM_ICInit) refers to stm32f10x_tim.o(i.TI4_Config) for TI4_Config
    stm32f10x_tim.o(i.TIM_ICInit) refers to stm32f10x_tim.o(i.TIM_SetIC4Prescaler) for TIM_SetIC4Prescaler
    stm32f10x_tim.o(i.TIM_ICInit) refers to stm32f10x_tim.o(i.TI1_Config) for TI1_Config
    stm32f10x_tim.o(i.TIM_ICInit) refers to stm32f10x_tim.o(i.TIM_SetIC1Prescaler) for TIM_SetIC1Prescaler
    stm32f10x_tim.o(i.TIM_ICInit) refers to stm32f10x_tim.o(i.TI2_Config) for TI2_Config
    stm32f10x_tim.o(i.TIM_ICInit) refers to stm32f10x_tim.o(i.TIM_SetIC2Prescaler) for TIM_SetIC2Prescaler
    stm32f10x_tim.o(i.TIM_ICInit) refers to stm32f10x_tim.o(i.TI3_Config) for TI3_Config
    stm32f10x_tim.o(i.TIM_ICInit) refers to stm32f10x_tim.o(i.TIM_SetIC3Prescaler) for TIM_SetIC3Prescaler
    stm32f10x_tim.o(i.TIM_ITRxExternalClockConfig) refers to stm32f10x_tim.o(i.TIM_SelectInputTrigger) for TIM_SelectInputTrigger
    stm32f10x_tim.o(i.TIM_PWMIConfig) refers to stm32f10x_tim.o(i.TI2_Config) for TI2_Config
    stm32f10x_tim.o(i.TIM_PWMIConfig) refers to stm32f10x_tim.o(i.TIM_SetIC2Prescaler) for TIM_SetIC2Prescaler
    stm32f10x_tim.o(i.TIM_PWMIConfig) refers to stm32f10x_tim.o(i.TI1_Config) for TI1_Config
    stm32f10x_tim.o(i.TIM_PWMIConfig) refers to stm32f10x_tim.o(i.TIM_SetIC1Prescaler) for TIM_SetIC1Prescaler
    stm32f10x_tim.o(i.TIM_TIxExternalClockConfig) refers to stm32f10x_tim.o(i.TI1_Config) for TI1_Config
    stm32f10x_tim.o(i.TIM_TIxExternalClockConfig) refers to stm32f10x_tim.o(i.TIM_SelectInputTrigger) for TIM_SelectInputTrigger
[...]
    i.NVIC_PriorityGroupConfig               0x08002544   Section        0  misc.o(i.NVIC_PriorityGroupConfig)
    i.NVIC_SystemReset                       0x08002558   Section        0  main.o(i.NVIC_SystemReset)
    NVIC_SystemReset                         0x08002559   Thumb Code    20  main.o(i.NVIC_SystemReset)
    i.OLED_Fill                              0x08002574   Section        0  oled_i2c.o(i.OLED_Fill)
    i.OLED_Init                              0x080025aa   Section        0  oled_i2c.o(i.OLED_Init)
    i.OLED_SetPos                            0x08002660   Section        0  oled_i2c.o(i.OLED_SetPos)
    i.OLED_ShowCN                            0x08002688   Section        0  oled_i2c.o(i.OLED_ShowCN)
    i.OLED_ShowCN2                           0x080026d4   Section        0  oled_i2c.o(i.OLED_ShowCN2)
    i.OLED_ShowCN3                           0x08002720   Section        0  oled_i2c.o(i.OLED_ShowCN3)
    i.OLED_ShowStr                           0x0800276c   Section        0  oled_i2c.o(i.OLED_ShowStr)
    i.OLED_Show_num                          0x08002838   Section        0  oled_i2c.o(i.OLED_Show_num)
    i.PEC_Calculation                        0x08002898   Section        0  mlx90614.o(i.PEC_Calculation)
    i.PendSV_Handler                         0x08002940   Section        0  stm32f10x_it.o(i.PendSV_Handler)
    i.RCC_AHBPeriphClockCmd                  0x08002944   Section        0  stm32f10x_rcc.o(i.RCC_AHBPeriphClockCmd)
    i.RCC_APB1PeriphClockCmd                 0x08002960   Section        0  stm32f10x_rcc.o(i.RCC_APB1PeriphClockCmd)
    i.RCC_APB2PeriphClockCmd                 0x0800297c   Section        0  stm32f10x_rcc.o(i.RCC_APB2PeriphClockCmd)
    i.RCC_GetClocksFreq                      0x08002998   Section        0  stm32f10x_rcc.o(i.RCC_GetClocksFreq)
    i.SMBus_Delay                            0x08002a44   Section        0  mlx90614.o(i.SMBus_Delay)
    i.SMBus_Init                             0x08002a5c   Section        0  mlx90614.o(i.SMBus_Init)
    i.SMBus_ReadMemory                       0x08002a94   Section        0  mlx90614.o(i.SMBus_ReadMemory)
    i.SMBus_ReadTemp                         0x08002b1c   Section        0  mlx90614.o(i.SMBus_ReadTemp)
    i.SMBus_ReceiveBit                       0x08002b5c   Section        0  mlx90614.o(i.SMBus_ReceiveBit)
    i.SMBus_ReceiveByte                      0x08002b98   Section        0  mlx90614.o(i.SMBus_ReceiveByte)
    i.SMBus_SendBit                          0x08002bc8   Section        0  mlx90614.o(i.SMBus_SendBit)
    i.SMBus_SendByte                         0x08002bfc   Section        0  mlx90614.o(i.SMBus_SendByte)
    i.SMBus_StartBit                         0x08002c24   Section        0  mlx90614.o(i.SMBus_StartBit)
    i.SMBus_StopBit                          0x08002c58   Section        0  mlx90614.o(i.SMBus_StopBit)
    i.SVC_Handler                            0x08002c84   Section        0  stm32f10x_it.o(i.SVC_Handler)
    i.SetSysClock                            0x08002c86   Section        0  system_stm32f10x.o(i.SetSysClock)
    SetSysClock                              0x08002c87   Thumb Code     4  system_stm32f10x.o(i.SetSysClock)
    i.SetSysClockTo72                        0x08002c8c   Section        0  system_stm32f10x.o(i.SetSysClockTo72)
    SetSysClockTo72                          0x08002c8d   Thumb Code   166  system_stm32f10x.o(i.SetSysClockTo72)
    i.SysTick_Config                         0x08002d3c   Section        0  bsp_systick.o(i.SysTick_Config)
    SysTick_Config                           0x08002d3d   Thumb Code    40  bsp_systick.o(i.SysTick_Config)
    i.SysTick_Handler                        0x08002d68   Section        0  stm32f10x_it.o(i.SysTick_Handler)
    i.SysTick_Init                           0x08002d6c   Section        0  bsp_systick.o(i.SysTick_Init)
    i.SystemInit                             0x08002d80   Section        0  system_stm32f10x.o(i.SystemInit)
    i.TIM4_IRQHandler                        0x08002dd0   Section        0  stm32f10x_it.o(i.TIM4_IRQHandler)
    i.TIM4_Init                              0x08002e08   Section        0  bsp_tim.o(i.TIM4_Init)
    i.TIM4_Set                               0x08002e48   Section        0  bsp_tim.o(i.TIM4_Set)
    i.TIM_ClearITPendingBit                  0x08002e78   Section        0  stm32f10x_tim.o(i.TIM_ClearITPendingBit)
    i.TIM_Cmd                                0x08002e7e   Section        0  stm32f10x_tim.o(i.TIM_Cmd)
    i.TIM_GetITStatus                        0x08002e96   Section        0  stm32f10x_tim.o(i.TIM_GetITStatus)
    i.TIM_ITConfig                           0x08002eae   Section        0  stm32f10x_tim.o(i.TIM_ITConfig)
    i.TIM_SetCounter                         0x08002ec2   Section        0  stm32f10x_tim.o(i.TIM_SetCounter)
    i.TIM_TimeBaseInit                       0x08002ec8   Section        0  stm32f10x_tim.o(i.TIM_TimeBaseInit)
    i.TimingDelay_Decrement                  0x08002f64   Section        0  bsp_systick.o(i.TimingDelay_Decrement)
    i.UART_DMA_Enable                        0x08002f78   Section        0  bsp_dma.o(i.UART_DMA_Enable)
    i.USART1_Config                          0x08002f9c   Section        0  bsp_usart1.o(i.USART1_Config)
    i.USART1_IRQHandler                      0x08003030   Section        0  stm32f10x_it.o(i.USART1_IRQHandler)
    i.USART2_Config                          0x08003098   Section        0  bsp_usart2.o(i.USART2_Config)
    i.USART2_IRQHandler                      0x0800314c   Section        0  stm32f10x_it.o(i.USART2_IRQHandler)
    i.USART_Cmd                              0x080031a8   Section        0  stm32f10x_usart.o(i.USART_Cmd)
    i.USART_DMACmd                           0x080031c0   Section        0  stm32f10x_usart.o(i.USART_DMACmd)
    i.USART_GetFlagStatus                    0x080031d4   Section        0  stm32f10x_usart.o(i.USART_GetFlagStatus)
    i.USART_GetITStatus                      0x080031e2   Section        0  stm32f10x_usart.o(i.USART_GetITStatus)
    i.USART_ITConfig                         0x08003222   Section        0  stm32f10x_usart.o(i.USART_ITConfig)
    i.USART_Init                             0x08003258   Section        0  stm32f10x_usart.o(i.USART_Init)
    i.USART_ReceiveData                      0x08003314   Section        0  stm32f10x_usart.o(i.USART_ReceiveData)
    i.USART_SendData                         0x0800331c   Section        0  stm32f10x_usart.o(i.USART_SendData)
    i.UsageFault_Handler                     0x08003324   Section        0  stm32f10x_it.o(i.UsageFault_Handler)
    i.WriteCmd                               0x08003326   Section        0  oled_i2c.o(i.WriteCmd)
    i.WriteDat                               0x0800332e   Section        0  oled_i2c.o(i.WriteDat)
    i.__0printf                              0x08003338   Section        0  printfa.o(i.__0printf)
    i.__0sprintf                             0x08003358   Section        0  printfa.o(i.__0sprintf)
    i.__0vsnprintf                           0x08003380   Section        0  printfa.o(i.__0vsnprintf)
    i.__0vsprintf                            0x080033a4   Section        0  printfa.o(i.__0vsprintf)
    i.__aeabi_errno_addr                     0x080033c8   Section        0  errno.o(i.__aeabi_errno_addr)
    i.__scatterload_copy                     0x080033d0   Section       14  handlers.o(i.__scatterload_copy)
    i.__scatterload_null                     0x080033de   Section        2  handlers.o(i.__scatterload_null)
    i.__scatterload_zeroinit                 0x080033e0   Section       14  handlers.o(i.__scatterload_zeroinit)
    i._fp_digits                             0x080033f0   Section        0  printfa.o(i._fp_digits)
    _fp_digits                               0x080033f1   Thumb Code   334  printfa.o(i._fp_digits)
    i._is_digit                              0x08003554   Section        0  scanf_fp.o(i._is_digit)
    i._nmea_parse_time                       0x08003564   Section        0  parse.o(i._nmea_parse_time)
    i._printf_core                           0x08003604   Section        0  printfa.o(i._printf_core)
    _printf_core                             0x08003605   Thumb Code  1744  printfa.o(i._printf_core)
    i._printf_post_padding                   0x08003ce0   Section        0  printfa.o(i._printf_post_padding)
    _printf_post_padding                     0x08003ce1   Thumb Code    36  printfa.o(i._printf_post_padding)
    i._printf_pre_padding                    0x08003d04   Section        0  printfa.o(i._printf_pre_padding)
    _printf_pre_padding                      0x08003d05   Thumb Code    46  printfa.o(i._printf_pre_padding)
    i._snputc                                0x08003d32   Section        0  printfa.o(i._snputc)
    _snputc                                  0x08003d33   Thumb Code    22  printfa.o(i._snputc)
    i._sputc                                 0x08003d48   Section        0  printfa.o(i._sputc)
    _sputc                                   0x08003d49   Thumb Code    10  printfa.o(i._sputc)
    i.check_cmd                              0x08003d54   Section        0  bsp_ec20.o(i.check_cmd)
    i.error                                  0x08003d70   Section        0  gps_config.o(i.error)
    i.fputc                                  0x08003d74   Section        0  bsp_usart1.o(i.fputc)
    i.free                                   0x08003d98   Section        0  malloc.o(i.free)
    i.gps_info                               0x08003de8   Section        0  gps_config.o(i.gps_info)
    i.main                                   0x08003e28   Section        0  main.o(i.main)
    i.malloc                                 0x08004024   Section        0  malloc.o(i.malloc)
    i.nmea_BDGSA2info                        0x08004090   Section        0  parse.o(i.nmea_BDGSA2info)
    i.nmea_BDGSV2info                        0x08004100   Section        0  parse.o(i.nmea_BDGSV2info)
    i.nmea_GNGGA2info                        0x08004174   Section        0  parse.o(i.nmea_GNGGA2info)
    i.nmea_GNGLL2info                        0x080041da   Section        0  parse.o(i.nmea_GNGLL2info)
    i.nmea_GNRMC2info                        0x08004254   Section        0  parse.o(i.nmea_GNRMC2info)
    i.nmea_GNVTG2info                        0x080042f8   Section        0  parse.o(i.nmea_GNVTG2info)
    i.nmea_GNZDA2info                        0x0800432a   Section        0  parse.o(i.nmea_GNZDA2info)
    i.nmea_GPGGA2info                        0x08004342   Section        0  parse.o(i.nmea_GPGGA2info)
    i.nmea_GPGSA2info                        0x080043a4   Section        0  parse.o(i.nmea_GPGSA2info)
    i.nmea_GPGSV2info                        0x08004412   Section        0  parse.o(i.nmea_GPGSV2info)
    i.nmea_GPRMC2info                        0x08004484   Section        0  parse.o(i.nmea_GPRMC2info)
    i.nmea_GPTXT2info                        0x08004518   Section        0  parse.o(i.nmea_GPTXT2info)
    i.nmea_GPVTG2info                        0x080045a8   Section        0  parse.o(i.nmea_GPVTG2info)
    i.nmea_atof                              0x080045ca   Section        0  tok.o(i.nmea_atof)
    i.nmea_atoi                              0x080045f6   Section        0  tok.o(i.nmea_atoi)
    i.nmea_decode_test                       0x08004624   Section        0  nema_decode_test.o(i.nmea_decode_test)
    i.nmea_error                             0x08004990   Section        0  context.o(i.nmea_error)
    i.nmea_find_tail                         0x080049ce   Section        0  parse.o(i.nmea_find_tail)
    i.nmea_info                              0x08004a4a   Section        0  context.o(i.nmea_info)
    i.nmea_ndeg2degree                       0x08004a88   Section        0  gmath.o(i.nmea_ndeg2degree)
    i.nmea_pack_type                         0x08004ae4   Section        0  parse.o(i.nmea_pack_type)
    i.nmea_parse                             0x08004be8   Section        0  parser.o(i.nmea_parse)
    i.nmea_parse_BDGSA                       0x08004ce0   Section        0  parse.o(i.nmea_parse_BDGSA)
    i.nmea_parse_BDGSV                       0x08004db4   Section        0  parse.o(i.nmea_parse_BDGSV)
    i.nmea_parse_GNGGA                       0x08004e70   Section        0  parse.o(i.nmea_parse_GNGGA)
    i.nmea_parse_GNGLL                       0x08004f64   Section        0  parse.o(i.nmea_parse_GNGLL)
    i.nmea_parse_GNRMC                       0x08005024   Section        0  parse.o(i.nmea_parse_GNRMC)
    i.nmea_parse_GNVTG                       0x0800511c   Section        0  parse.o(i.nmea_parse_GNVTG)
    i.nmea_parse_GNZDA                       0x08005200   Section        0  parse.o(i.nmea_parse_GNZDA)
    i.nmea_parse_GPGGA                       0x080052c0   Section        0  parse.o(i.nmea_parse_GPGGA)
    i.nmea_parse_GPGSA                       0x080053b4   Section        0  parse.o(i.nmea_parse_GPGSA)
    i.nmea_parse_GPGSV                       0x08005488   Section        0  parse.o(i.nmea_parse_GPGSV)
    i.nmea_parse_GPRMC                       0x08005544   Section        0  parse.o(i.nmea_parse_GPRMC)
    i.nmea_parse_GPTXT                       0x0800563c   Section        0  parse.o(i.nmea_parse_GPTXT)
    i.nmea_parse_GPVTG                       0x080056b0   Section        0  parse.o(i.nmea_parse_GPVTG)
    i.nmea_parser_buff_clear                 0x0800578c   Section        0  parser.o(i.nmea_parser_buff_clear)
    i.nmea_parser_init                       0x08005794   Section        0  parser.o(i.nmea_parser_init)
    i.nmea_parser_pop                        0x080057e4   Section        0  parser.o(i.nmea_parser_pop)
    i.nmea_parser_push                       0x08005808   Section        0  parser.o(i.nmea_parser_push)
    i.nmea_parser_real_push                  0x08005834   Section        0  parser.o(i.nmea_parser_real_push)
    i.nmea_property                          0x08005c34   Section        0  context.o(i.nmea_property)
    i.nmea_scanf                             0x08005c3c   Section        0  tok.o(i.nmea_scanf)
    i.nmea_time_now                          0x08005df0   Section        0  time.o(i.nmea_time_now)
    i.nmea_trace_buff                        0x08005e06   Section        0  context.o(i.nmea_trace_buff)
    i.nmea_zero_INFO                         0x08005e22   Section        0  info.o(i.nmea_zero_INFO)
    i.strtod                                 0x08005e40   Section        0  strtod.o(i.strtod)
    i.trace                                  0x08005e5c   Section        0  gps_config.o(i.trace)
    i.u2_printf                              0x08005e60   Section        0  bsp_usart2.o(i.u2_printf)
    .constdata                               0x08005e9c   Section     2072  oled_i2c.o(.constdata)
    .constdata                               0x080066b4   Section      129  ctype_o.o(.constdata)
    .constdata                               0x08006738   Section        4  ctype_o.o(.constdata)
    table                                    0x08006738   Data           4  ctype_o.o(.constdata)
    .conststring                             0x0800673c   Section       96  bsp_ec20.o(.conststring)
    .conststring                             0x0800679c   Section      238  parse.o(.conststring)
    .data                                    0x20000000   Section       20  system_stm32f10x.o(.data)
    .data                                    0x20000014   Section       20  stm32f10x_rcc.o(.data)
    ADCPrescTable                            0x20000014   Data           4  stm32f10x_rcc.o(.data)
    APBAHBPrescTable                         0x20000018   Data          16  stm32f10x_rcc.o(.data)
    .data                                    0x20000028   Section        4  main.o(.data)
    .data                                    0x2000002c   Section        4  stm32f10x_it.o(.data)
    .data                                    0x20000030   Section       40  nema_decode_test.o(.data)
    .data                                    0x20000058   Section        4  bsp_systick.o(.data)
    TimingDelay                              0x20000058   Data           4  bsp_systick.o(.data)
    .data                                    0x2000005c   Section        1  gps_config.o(.data)
    .data                                    0x2000005d   Section        1  gps_config.o(.data)
    .data                                    0x20000060   Section       24  bsp_ec20.o(.data)
    .data                                    0x20000078   Section        2  bsp_usart1.o(.data)
    .data                                    0x2000007a   Section        2  bsp_usart2.o(.data)
    .data                                    0x2000007c   Section      608  oled_i2c.o(.data)
    .data                                    0x200002dc   Section       16  context.o(.data)
    prop                                     0x200002dc   Data          16  context.o(.data)
    .data                                    0x200002ec   Section       52  parse.o(.data)
    pheads                                   0x200002ec   Data          52  parse.o(.data)
    .data                                    0x20000320   Section        4  stdout.o(.data)
    .data                                    0x20000324   Section        4  mvars.o(.data)
    .data                                    0x20000328   Section        4  mvars.o(.data)
    .data                                    0x2000032c   Section        4  errno.o(.data)
    _errno                                   0x2000032c   Data           4  errno.o(.data)
    .bss                                     0x20000330   Section      512  gps_config.o(.bss)
    .bss                                     0x20000530   Section      510  bsp_ec20.o(.bss)
    .bss                                     0x2000072e   Section      200  bsp_usart1.o(.bss)
    .bss                                     0x200007f6   Section     1024  bsp_usart2.o(.bss)
    .bss                                     0x20000bf6   Section     1024  bsp_usart2.o(.bss)
    .bss                                     0x20000ff6   Section      256  parse.o(.bss)
    HEAP                                     0x200010f8   Section     4096  startup_stm32f10x_hd.o(HEAP)
    STACK                                    0x200020f8   Section     4096  startup_stm32f10x_hd.o(STACK)

    Global Symbols

    Symbol Name                              Value     Ov Type        Size  Object(Section)

    BuildAttributes$$THM_ISAv4$P$D$K$B$S$PE$A:L22UL41UL21$X:L11$S22US41US21$IEEE1$IW$USESV6$~STKCKD$USESV7$~SHL$OTIME$ROPI$IEEEX$EBA8$MICROLIB$REQ8$PRES8$EABIv2 0x00000000   Number         0  anon$$obj.o ABSOLUTE
    __ARM_use_no_argv                        0x00000000   Number         0  main.o ABSOLUTE
    _printf_a                                0x00000000   Number         0  stubs.o ABSOLUTE
    _printf_c                                0x00000000   Number         0  stubs.o ABSOLUTE
    _printf_charcount                        0x00000000   Number         0  stubs.o ABSOLUTE
    _printf_d                                0x00000000   Number         0  stubs.o ABSOLUTE
    _printf_e                                0x00000000   Number         0  stubs.o ABSOLUTE
    _printf_f                                0x00000000   Number         0  stubs.o ABSOLUTE
    _printf_flags                            0x00000000   Number         0  stubs.o ABSOLUTE
    _printf_fp_dec                           0x00000000   Number         0  stubs.o ABSOLUTE
    _printf_fp_hex                           0x00000000   Number         0  stubs.o ABSOLUTE
    _printf_g                                0x00000000   Number         0  stubs.o ABSOLUTE
    _printf_i                                0x00000000   Number         0  stubs.o ABSOLUTE
    _printf_int_dec                          0x00000000   Number         0  stubs.o ABSOLUTE
    _printf_l                                0x00000000   Number         0  stubs.o ABSOLUTE
    _printf_lc                               0x00000000   Number         0  stubs.o ABSOLUTE
    _printf_ll                               0x00000000   Number         0  stubs.o ABSOLUTE
    _printf_lld                              0x00000000   Number         0  stubs.o ABSOLUTE
    _printf_lli                              0x00000000   Number         0  stubs.o ABSOLUTE
    _printf_llo                              0x00000000   Number         0  stubs.o ABSOLUTE
    _printf_llu                              0x00000000   Number         0  stubs.o ABSOLUTE
    _printf_llx                              0x00000000   Number         0  stubs.o ABSOLUTE
    _printf_longlong_dec                     0x00000000   Number         0  stubs.o ABSOLUTE
    _printf_longlong_hex                     0x00000000   Number         0  stubs.o ABSOLUTE
    _printf_longlong_oct                     0x00000000   Number         0  stubs.o ABSOLUTE
    _printf_ls                               0x00000000   Number         0  stubs.o ABSOLUTE
    _printf_mbtowc                           0x00000000   Number         0  stubs.o ABSOLUTE
    _printf_n                                0x00000000   Number         0  stubs.o ABSOLUTE
    _printf_o                                0x00000000   Number         0  stubs.o ABSOLUTE
    _printf_p                                0x00000000   Number         0  stubs.o ABSOLUTE
    _printf_percent                          0x00000000   Number         0  stubs.o ABSOLUTE
    _printf_pre_padding                      0x00000000   Number         0  stubs.o ABSOLUTE
    _printf_return_value                     0x00000000   Number         0  stubs.o ABSOLUTE
    _printf_s                                0x00000000   Number         0  stubs.o ABSOLUTE
    _printf_sizespec                         0x00000000   Number         0  stubs.o ABSOLUTE
    _printf_str                              0x00000000   Number         0  stubs.o ABSOLUTE
    _printf_truncate_signed                  0x00000000   Number         0  stubs.o ABSOLUTE
    _printf_truncate_unsigned                0x00000000   Number         0  stubs.o ABSOLUTE
    _printf_u                                0x00000000   Number         0  stubs.o ABSOLUTE
    _printf_wc                               0x00000000   Number         0  stubs.o ABSOLUTE
    _printf_wctomb                           0x00000000   Number         0  stubs.o ABSOLUTE
    _printf_widthprec                        0x00000000   Number         0  stubs.o ABSOLUTE
    _printf_x                                0x00000000   Number         0  stubs.o ABSOLUTE
    __cpp_initialize__aeabi_                  - Undefined Weak Reference
    __cxa_finalize                            - Undefined Weak Reference
    _clock_init                               - Undefined Weak Reference
    _microlib_exit                            - Undefined Weak Reference
    __Vectors_Size                           0x00000130   Number         0  startup_stm32f10x_hd.o ABSOLUTE
    __Vectors                                0x08000000   Data           4  startup_stm32f10x_hd.o(RESET)
    __Vectors_End                            0x08000130   Data           0  startup_stm32f10x_hd.o(RESET)
    __main                                   0x08000131   Thumb Code     0  entry.o(.ARM.Collect$$$$00000000)
    _main_stk                                0x08000131   Thumb Code     0  entry2.o(.ARM.Collect$$$$00000001)
    _main_scatterload                        0x08000135   Thumb Code     0  entry5.o(.ARM.Collect$$$$00000004)
    __main_after_scatterload                 0x08000139   Thumb Code     0  entry5.o(.ARM.Collect$$$$00000004)
    _main_clock                              0x08000139   Thumb Code     0  entry7b.o(.ARM.Collect$$$$00000008)
    _main_cpp_init                           0x08000139   Thumb Code     0  entry8b.o(.ARM.Collect$$$$0000000A)
    _main_init                               0x08000139   Thumb Code     0  entry9a.o(.ARM.Collect$$$$0000000B)
    __rt_final_cpp                           0x08000141   Thumb Code     0  entry10a.o(.ARM.Collect$$$$0000000D)
    __rt_final_exit                          0x08000141   Thumb Code     0  entry11a.o(.ARM.Collect$$$$0000000F)
    Reset_Handler                            0x08000145   Thumb Code     8  startup_stm32f10x_hd.o(.text)
    ADC1_2_IRQHandler                        0x0800015f   Thumb Code     0  startup_stm32f10x_hd.o(.text)
    ADC3_IRQHandler                          0x0800015f   Thumb Code     0  startup_stm32f10x_hd.o(.text)
    CAN1_RX1_IRQHandler                      0x0800015f   Thumb Code     0  startup_stm32f10x_hd.o(.text)
    CAN1_SCE_IRQHandler                      0x0800015f   Thumb Code     0  startup_stm32f10x_hd.o(.text)
    DMA1_Channel1_IRQHandler                 0x0800015f   Thumb Code     0  startup_stm32f10x_hd.o(.text)
    DMA1_Channel2_IRQHandler                 0x0800015f   Thumb Code     0  startup_stm32f10x_hd.o(.text)
    DMA1_Channel4_IRQHandler                 0x0800015f   Thumb Code     0  startup_stm32f10x_hd.o(.text)
    DMA1_Channel5_IRQHandler                 0x0800015f   Thumb Code     0  startup_stm32f10x_hd.o(.text)
    DMA1_Channel6_IRQHandler                 0x0800015f   Thumb Code     0  startup_stm32f10x_hd.o(.text)
    DMA1_Channel7_IRQHandler                 0x0800015f   Thumb Code     0  startup_stm32f10x_hd.o(.text)
    DMA2_Channel1_IRQHandler                 0x0800015f   Thumb Code     0  startup_stm32f10x_hd.o(.text)
    DMA2_Channel2_IRQHandler                 0x0800015f   Thumb Code     0  startup_stm32f10x_hd.o(.text)
    DMA2_Channel3_IRQHandler                 0x0800015f   Thumb Code     0  startup_stm32f10x_hd.o(.text)
    DMA2_Channel4_5_IRQHandler               0x0800015f   Thumb Code     0  startup_stm32f10x_hd.o(.text)
    EXTI1_IRQHandler                         0x0800015f   Thumb Code     0  startup_stm32f10x_hd.o(.text)
    EXTI2_IRQHandler                         0x0800015f   Thumb Code     0  startup_stm32f10x_hd.o(.text)
    EXTI3_IRQHandler                         0x0800015f   Thumb Code     0  startup_stm32f10x_hd.o(.text)
    EXTI4_IRQHandler                         0x0800015f   Thumb Code     0  startup_stm32f10x_hd.o(.text)
    EXTI9_5_IRQHandler                       0x0800015f   Thumb Code     0  startup_stm32f10x_hd.o(.text)
    FLASH_IRQHandler                         0x0800015f   Thumb Code     0  startup_stm32f10x_hd.o(.text)
    FSMC_IRQHandler                          0x0800015f   Thumb Code     0  startup_stm32f10x_hd.o(.text)
    I2C1_ER_IRQHandler                       0x0800015f   Thumb Code     0  startup_stm32f10x_hd.o(.text)
    I2C1_EV_IRQHandler                       0x0800015f   Thumb Code     0  startup_stm32f10x_hd.o(.text)
    I2C2_ER_IRQHandler                       0x0800015f   Thumb Code     0  startup_stm32f10x_hd.o(.text)
    I2C2_EV_IRQHandler                       0x0800015f   Thumb Code     0  startup_stm32f10x_hd.o(.text)
    PVD_IRQHandler                           0x0800015f   Thumb Code     0  startup_stm32f10x_hd.o(.text)
    RCC_IRQHandler                           0x0800015f   Thumb Code     0  startup_stm32f10x_hd.o(.text)
    RTCAlarm_IRQHandler                      0x0800015f   Thumb Code     0  startup_stm32f10x_hd.o(.text)
    RTC_IRQHandler                           0x0800015f   Thumb Code     0  startup_stm32f10x_hd.o(.text)
    SDIO_IRQHandler                          0x0800015f   Thumb Code     0  startup_stm32f10x_hd.o(.text)
    SPI1_IRQHandler                          0x0800015f   Thumb Code     0  startup_stm32f10x_hd.o(.text)
    SPI2_IRQHandler                          0x0800015f   Thumb Code     0  startup_stm32f10x_hd.o(.text)
    SPI3_IRQHandler                          0x0800015f   Thumb Code     0  startup_stm32f10x_hd.o(.text)
    TAMPER_IRQHandler                        0x0800015f   Thumb Code     0  startup_stm32f10x_hd.o(.text)
    TIM1_BRK_IRQHandler                      0x0800015f   Thumb Code     0  startup_stm32f10x_hd.o(.text)
    TIM1_CC_IRQHandler                       0x0800015f   Thumb Code     0  startup_stm32f10x_hd.o(.text)
    TIM1_TRG_COM_IRQHandler                  0x0800015f   Thumb Code     0  startup_stm32f10x_hd.o(.text)
    TIM1_UP_IRQHandler                       0x0800015f   Thumb Code     0  startup_stm32f10x_hd.o(.text)
    TIM2_IRQHandler                          0x0800015f   Thumb Code     0  startup_stm32f10x_hd.o(.text)
    TIM3_IRQHandler                          0x0800015f   Thumb Code     0  startup_stm32f10x_hd.o(.text)
    TIM5_IRQHandler                          0x0800015f   Thumb Code     0  startup_stm32f10x_hd.o(.text)
    TIM6_IRQHandler                          0x0800015f   Thumb Code     0  startup_stm32f10x_hd.o(.text)
    TIM7_IRQHandler                          0x0800015f   Thumb Code     0  startup_stm32f10x_hd.o(.text)
    TIM8_BRK_IRQHandler                      0x0800015f   Thumb Code     0  startup_stm32f10x_hd.o(.text)
    TIM8_CC_IRQHandler                       0x0800015f   Thumb Code     0  startup_stm32f10x_hd.o(.text)
    TIM8_TRG_COM_IRQHandler                  0x0800015f   Thumb Code     0  startup_stm32f10x_hd.o(.text)
    TIM8_UP_IRQHandler                       0x0800015f   Thumb Code     0  startup_stm32f10x_hd.o(.text)
    UART4_IRQHandler                         0x0800015f   Thumb Code     0  startup_stm32f10x_hd.o(.text)
    UART5_IRQHandler                         0x0800015f   Thumb Code     0  startup_stm32f10x_hd.o(.text)
    USART3_IRQHandler                        0x0800015f   Thumb Code     0  startup_stm32f10x_hd.o(.text)
    USBWakeUp_IRQHandler                     0x0800015f   Thumb Code     0  startup_stm32f10x_hd.o(.text)
    USB_HP_CAN1_TX_IRQHandler                0x0800015f   Thumb Code     0  startup_stm32f10x_hd.o(.text)
    USB_LP_CAN1_RX0_IRQHandler               0x0800015f   Thumb Code     0  startup_stm32f10x_hd.o(.text)
    WWDG_IRQHandler                          0x0800015f   Thumb Code     0  startup_stm32f10x_hd.o(.text)
    __rt_ctype_table                         0x08000169   Thumb Code     4  ctype_o.o(.text)
    isspace                                  0x08000171   Thumb Code    18  isspace_o.o(.text)
    __aeabi_memcpy                           0x08000183   Thumb Code    36  memcpya.o(.text)
    __aeabi_memcpy4                          0x08000183   Thumb Code     0  memcpya.o(.text)
    __aeabi_memcpy8                          0x08000183   Thumb Code     0  memcpya.o(.text)
    __aeabi_memset                           0x080001a7   Thumb Code    14  memseta.o(.text)
    __aeabi_memset4                          0x080001a7   Thumb Code     0  memseta.o(.text)
    __aeabi_memset8                          0x080001a7   Thumb Code     0  memseta.o(.text)
    __aeabi_memclr                           0x080001b5   Thumb Code     4  memseta.o(.text)
    __aeabi_memclr4                          0x080001b5   Thumb Code     0  memseta.o(.text)
    __aeabi_memclr8                          0x080001b5   Thumb Code     0  memseta.o(.text)
    _memset$wrapper                          0x080001b9   Thumb Code    18  memseta.o(.text)
    strstr                                   0x080001cb   Thumb Code    36  strstr.o(.text)
    strlen                                   0x080001ef   Thumb Code    14  strlen.o(.text)
    memchr                                   0x080001fd   Thumb Code    20  memchr.o(.text)
    memcmp                                   0x08000211   Thumb Code    26  memcmp.o(.text)
    strtol                                   0x0800022b   Thumb Code   112  strtol.o(.text)
    __aeabi_fadd                             0x0800029b   Thumb Code   164  fadd.o(.text)
    __aeabi_fsub                             0x0800033f   Thumb Code     6  fadd.o(.text)
    __aeabi_frsub                            0x08000345   Thumb Code     6  fadd.o(.text)
    __aeabi_dadd                             0x0800034b   Thumb Code   322  dadd.o(.text)
    __aeabi_dsub                             0x0800048d   Thumb Code     6  dadd.o(.text)
    __aeabi_drsub                            0x08000493   Thumb Code     6  dadd.o(.text)
    __aeabi_dmul                             0x08000499   Thumb Code   228  dmul.o(.text)
    __aeabi_ddiv                             0x0800057d   Thumb Code   222  ddiv.o(.text)
    __aeabi_ui2f                             0x0800065b   Thumb Code    10  ffltui.o(.text)
    __aeabi_i2d                              0x08000665   Thumb Code    34  dflti.o(.text)
    __aeabi_ui2d                             0x08000687   Thumb Code    26  dfltui.o(.text)
    __aeabi_f2uiz                            0x080006a1   Thumb Code    40  ffixui.o(.text)
    __aeabi_d2iz                             0x080006c9   Thumb Code    62  dfixi.o(.text)
    __aeabi_f2d                              0x08000707   Thumb Code    38  f2d.o(.text)
    __aeabi_cdrcmple                         0x0800072d   Thumb Code    48  cdrcmple.o(.text)
    __aeabi_d2f                              0x0800075d   Thumb Code    56  d2f.o(.text)
    __aeabi_uidiv                            0x08000795   Thumb Code     0  uidiv.o(.text)
    __aeabi_uidivmod                         0x08000795   Thumb Code    44  uidiv.o(.text)
    __aeabi_uldivmod                         0x080007c1   Thumb Code    98  uldiv.o(.text)
    __aeabi_llsl                             0x08000823   Thumb Code    30  llshl.o(.text)
    _ll_shift_l                              0x08000823   Thumb Code     0  llshl.o(.text)
    __aeabi_llsr                             0x08000841   Thumb Code    32  llushr.o(.text)
    _ll_ushift_r                             0x08000841   Thumb Code     0  llushr.o(.text)
    __aeabi_lasr                             0x08000861   Thumb Code    36  llsshr.o(.text)
    _ll_sshift_r                             0x08000861   Thumb Code     0  llsshr.o(.text)
    _strtoul                                 0x08000885   Thumb Code   158  _strtoul.o(.text)
    __strtod_int                             0x0800095b   Thumb Code    88  strtod.o(.text)
    __I$use$fp                               0x080009c1   Thumb Code     0  iusefp.o(.text)
    _float_round                             0x080009c1   Thumb Code    18  fepilogue.o(.text)
    _float_epilogue                          0x080009d3   Thumb Code    92  fepilogue.o(.text)
    _double_round                            0x08000a2f   Thumb Code    30  depilogue.o(.text)
    _double_epilogue                         0x08000a4d   Thumb Code   156  depilogue.o(.text)
    __aeabi_d2ulz                            0x08000ae9   Thumb Code    48  dfixul.o(.text)
    __scatterload                            0x08000b19   Thumb Code    28  init.o(.text)
    __scatterload_rt2                        0x08000b19   Thumb Code     0  init.o(.text)
    _chval                                   0x08000b3d   Thumb Code    28  _chval.o(.text)
    _scanf_real                              0x08000c59   Thumb Code     0  scanf_fp.o(.text)
    _scanf_really_real                       0x08000c59   Thumb Code   556  scanf_fp.o(.text)
    _sgetc                                   0x08000e91   Thumb Code    30  _sgetc.o(.text)
    _sbackspace                              0x08000eaf   Thumb Code    34  _sgetc.o(.text)
    __aeabi_ul2d                             0x08000ed1   Thumb Code    24  dfltul.o(.text)
    __decompress                             0x08000ee9   Thumb Code     0  __dczerorl2.o(.text)
    __decompress1                            0x08000ee9   Thumb Code    86  __dczerorl2.o(.text)
    BusFault_Handler                         0x08000f3f   Thumb Code     2  stm32f10x_it.o(i.BusFault_Handler)
    CPU_TS_TmrInit                           0x08000f41   Thumb Code    26  core_delay.o(i.CPU_TS_TmrInit)
    CPU_TS_TmrRd                             0x08000f65   Thumb Code     6  core_delay.o(i.CPU_TS_TmrRd)
    CPU_TS_Tmr_Delay_US                      0x08000f71   Thumb Code    62  core_delay.o(i.CPU_TS_Tmr_Delay_US)
    DHT11_Init                               0x08000fe5   Thumb Code    18  bsp_dht11.o(i.DHT11_Init)
    DHT11_Read_TempAndHumidity               0x0800109d   Thumb Code   152  bsp_dht11.o(i.DHT11_Read_TempAndHumidity)
    DMA1_Channel3_IRQHandler                 0x08001139   Thumb Code     4  stm32f10x_it.o(i.DMA1_Channel3_IRQHandler)
    DMA_ClearFlag                            0x0800113d   Thumb Code    16  stm32f10x_dma.o(i.DMA_ClearFlag)
    DMA_Cmd                                  0x08001155   Thumb Code    26  stm32f10x_dma.o(i.DMA_Cmd)
    DMA_DeInit                               0x08001171   Thumb Code   238  stm32f10x_dma.o(i.DMA_DeInit)
    DMA_GetITStatus                          0x08001269   Thumb Code    26  stm32f10x_dma.o(i.DMA_GetITStatus)
    DMA_ITConfig                             0x0800128d   Thumb Code    20  stm32f10x_dma.o(i.DMA_ITConfig)
    DMA_Init                                 0x080012a1   Thumb Code    58  stm32f10x_dma.o(i.DMA_Init)
    DMA_SetCurrDataCounter                   0x080012db   Thumb Code     4  stm32f10x_dma.o(i.DMA_SetCurrDataCounter)
    DMA_USARTx_TX_Config                     0x080012e1   Thumb Code    80  bsp_dma.o(i.DMA_USARTx_TX_Config)
    DebugMon_Handler                         0x0800133d   Thumb Code     2  stm32f10x_it.o(i.DebugMon_Handler)
    Delay_ms                                 0x08001341   Thumb Code    30  bsp_systick.o(i.Delay_ms)
    EC20_CONNECT_MQTT_SERVER                 0x08001365   Thumb Code   228  bsp_ec20.o(i.EC20_CONNECT_MQTT_SERVER)
    EC20_CONNECT_SERVER_CFG_INFOR            0x0800159d   Thumb Code     4  bsp_ec20.o(i.EC20_CONNECT_SERVER_CFG_INFOR)
    EC20_INIT                                0x080015a1   Thumb Code    68  bsp_ec20.o(i.EC20_INIT)
    EC20_MQTT_SEND_AUTO                      0x08001659   Thumb Code   682  bsp_ec20.o(i.EC20_MQTT_SEND_AUTO)
    EC20_check_cmd                           0x08001a45   Thumb Code    44  bsp_ec20.o(i.EC20_check_cmd)
    EC20_send_cmd                            0x08001a89   Thumb Code   110  bsp_ec20.o(i.EC20_send_cmd)
    EC20_work_test                           0x08001b1d   Thumb Code   110  bsp_ec20.o(i.EC20_work_test)
    EXTI0_IRQHandler                         0x08001bd1   Thumb Code    48  stm32f10x_it.o(i.EXTI0_IRQHandler)
    EXTI15_10_IRQHandler                     0x08001c1d   Thumb Code    52  stm32f10x_it.o(i.EXTI15_10_IRQHandler)
    EXTI_ClearITPendingBit                   0x08001c6d   Thumb Code     6  stm32f10x_exti.o(i.EXTI_ClearITPendingBit)
    EXTI_GetITStatus                         0x08001c79   Thumb Code    28  stm32f10x_exti.o(i.EXTI_GetITStatus)
    EXTI_Init                                0x08001c99   Thumb Code   110  stm32f10x_exti.o(i.EXTI_Init)
    EXTI_Key_Config                          0x08001d0d   Thumb Code   120  bsp_exti.o(i.EXTI_Key_Config)
    GMTconvert                               0x08001d8d   Thumb Code   324  gps_config.o(i.GMTconvert)
    GPIO_EXTILineConfig                      0x08001ed1   Thumb Code    34  stm32f10x_gpio.o(i.GPIO_EXTILineConfig)
    GPIO_Init                                0x08001ef9   Thumb Code   166  stm32f10x_gpio.o(i.GPIO_Init)
    GPIO_ReadInputDataBit                    0x08001f9f   Thumb Code    14  stm32f10x_gpio.o(i.GPIO_ReadInputDataBit)
    GPIO_ResetBits                           0x08001fad   Thumb Code     4  stm32f10x_gpio.o(i.GPIO_ResetBits)
    GPIO_SetBits                             0x08001fb1   Thumb Code     4  stm32f10x_gpio.o(i.GPIO_SetBits)
    GPS_Config                               0x08001fb5   Thumb Code    14  gps_config.o(i.GPS_Config)
    GPS_ProcessDMAIRQ                        0x0800205d   Thumb Code    60  stm32f10x_it.o(i.GPS_ProcessDMAIRQ)
    HardFault_Handler                        0x08002125   Thumb Code     2  stm32f10x_it.o(i.HardFault_Handler)
    I2C_CheckEvent                           0x08002127   Thumb Code    24  stm32f10x_i2c.o(i.I2C_CheckEvent)
    I2C_Cmd                                  0x0800213f   Thumb Code    24  stm32f10x_i2c.o(i.I2C_Cmd)
    I2C_Configuration                        0x08002159   Thumb Code   120  oled_i2c.o(i.I2C_Configuration)
    I2C_GenerateSTART                        0x080021dd   Thumb Code    24  stm32f10x_i2c.o(i.I2C_GenerateSTART)
    I2C_GenerateSTOP                         0x080021f5   Thumb Code    24  stm32f10x_i2c.o(i.I2C_GenerateSTOP)
    I2C_GetFlagStatus                        0x0800220d   Thumb Code    50  stm32f10x_i2c.o(i.I2C_GetFlagStatus)
    I2C_Init                                 0x08002241   Thumb Code   182  stm32f10x_i2c.o(i.I2C_Init)
    I2C_Send7bitAddress                      0x08002301   Thumb Code    18  stm32f10x_i2c.o(i.I2C_Send7bitAddress)
    I2C_SendData                             0x08002313   Thumb Code     4  stm32f10x_i2c.o(i.I2C_SendData)
    I2C_WriteByte                            0x08002319   Thumb Code   128  oled_i2c.o(i.I2C_WriteByte)
    LED_GPIO_Config                          0x080023d1   Thumb Code    92  bsp_led.o(i.LED_GPIO_Config)
    MemManage_Handler                        0x08002431   Thumb Code     2  stm32f10x_it.o(i.MemManage_Handler)
    NMI_Handler                              0x08002433   Thumb Code     2  stm32f10x_it.o(i.NMI_Handler)
    NVIC_Init                                0x080024e1   Thumb Code    96  misc.o(i.NVIC_Init)
    NVIC_PriorityGroupConfig                 0x08002545   Thumb Code    10  misc.o(i.NVIC_PriorityGroupConfig)
    OLED_Fill                                0x08002575   Thumb Code    54  oled_i2c.o(i.OLED_Fill)
    OLED_Init                                0x080025ab   Thumb Code   182  oled_i2c.o(i.OLED_Init)
    OLED_SetPos                              0x08002661   Thumb Code    38  oled_i2c.o(i.OLED_SetPos)
    OLED_ShowCN                              0x08002689   Thumb Code    70  oled_i2c.o(i.OLED_ShowCN)
    OLED_ShowCN2                             0x080026d5   Thumb Code    70  oled_i2c.o(i.OLED_ShowCN2)
    OLED_ShowCN3                             0x08002721   Thumb Code    70  oled_i2c.o(i.OLED_ShowCN3)
    OLED_ShowStr                             0x0800276d   Thumb Code   194  oled_i2c.o(i.OLED_ShowStr)
    OLED_Show_num                            0x08002839   Thumb Code    82  oled_i2c.o(i.OLED_Show_num)
    PEC_Calculation                          0x08002899   Thumb Code   168  mlx90614.o(i.PEC_Calculation)
    PendSV_Handler                           0x08002941   Thumb Code     2  stm32f10x_it.o(i.PendSV_Handler)
    RCC_AHBPeriphClockCmd                    0x08002945   Thumb Code    22  stm32f10x_rcc.o(i.RCC_AHBPeriphClockCmd)
    RCC_APB1PeriphClockCmd                   0x08002961   Thumb Code    22  stm32f10x_rcc.o(i.RCC_APB1PeriphClockCmd)
    RCC_APB2PeriphClockCmd                   0x0800297d   Thumb Code    22  stm32f10x_rcc.o(i.RCC_APB2PeriphClockCmd)
    RCC_GetClocksFreq                        0x08002999   Thumb Code   154  stm32f10x_rcc.o(i.RCC_GetClocksFreq)
    SMBus_Delay                              0x08002a45   Thumb Code    24  mlx90614.o(i.SMBus_Delay)
    SMBus_Init                               0x08002a5d   Thumb Code    50  mlx90614.o(i.SMBus_Init)
    SMBus_ReadMemory                         0x08002a95   Thumb Code   136  mlx90614.o(i.SMBus_ReadMemory)
    SMBus_ReadTemp                           0x08002b1d   Thumb Code    50  mlx90614.o(i.SMBus_ReadTemp)
    SMBus_ReceiveBit                         0x08002b5d   Thumb Code    56  mlx90614.o(i.SMBus_ReceiveBit)
    SMBus_ReceiveByte                        0x08002b99   Thumb Code    46  mlx90614.o(i.SMBus_ReceiveByte)
    SMBus_SendBit                            0x08002bc9   Thumb Code    46  mlx90614.o(i.SMBus_SendBit)
    SMBus_SendByte                           0x08002bfd   Thumb Code    40  mlx90614.o(i.SMBus_SendByte)
    SMBus_StartBit                           0x08002c25   Thumb Code    48  mlx90614.o(i.SMBus_StartBit)
    SMBus_StopBit                            0x08002c59   Thumb Code    40  mlx90614.o(i.SMBus_StopBit)
    SVC_Handler                              0x08002c85   Thumb Code     2  stm32f10x_it.o(i.SVC_Handler)
    SysTick_Handler                          0x08002d69   Thumb Code     4  stm32f10x_it.o(i.SysTick_Handler)
    SysTick_Init                             0x08002d6d   Thumb Code    16  bsp_systick.o(i.SysTick_Init)
    SystemInit                               0x08002d81   Thumb Code    64  system_stm32f10x.o(i.SystemInit)
    TIM4_IRQHandler                          0x08002dd1   Thumb Code    46  stm32f10x_it.o(i.TIM4_IRQHandler)
    TIM4_Init                                0x08002e09   Thumb Code    58  bsp_tim.o(i.TIM4_Init)
    TIM4_Set                                 0x08002e49   Thumb Code    42  bsp_tim.o(i.TIM4_Set)
    TIM_ClearITPendingBit                    0x08002e79   Thumb Code     6  stm32f10x_tim.o(i.TIM_ClearITPendingBit)
    TIM_Cmd                                  0x08002e7f   Thumb Code    24  stm32f10x_tim.o(i.TIM_Cmd)
    TIM_GetITStatus                          0x08002e97   Thumb Code    24  stm32f10x_tim.o(i.TIM_GetITStatus)
    TIM_ITConfig                             0x08002eaf   Thumb Code    20  stm32f10x_tim.o(i.TIM_ITConfig)
    TIM_SetCounter                           0x08002ec3   Thumb Code     4  stm32f10x_tim.o(i.TIM_SetCounter)
    TIM_TimeBaseInit                         0x08002ec9   Thumb Code   114  stm32f10x_tim.o(i.TIM_TimeBaseInit)
    TimingDelay_Decrement                    0x08002f65   Thumb Code    14  bsp_systick.o(i.TimingDelay_Decrement)
    UART_DMA_Enable                          0x08002f79   Thumb Code    34  bsp_dma.o(i.UART_DMA_Enable)
    USART1_Config                            0x08002f9d   Thumb Code   138  bsp_usart1.o(i.USART1_Config)
    USART1_IRQHandler                        0x08003031   Thumb Code    92  stm32f10x_it.o(i.USART1_IRQHandler)
    USART2_Config                            0x08003099   Thumb Code   168  bsp_usart2.o(i.USART2_Config)
    USART2_IRQHandler                        0x0800314d   Thumb Code    74  stm32f10x_it.o(i.USART2_IRQHandler)
    USART_Cmd                                0x080031a9   Thumb Code    24  stm32f10x_usart.o(i.USART_Cmd)
    USART_DMACmd                             0x080031c1   Thumb Code    20  stm32f10x_usart.o(i.USART_DMACmd)
    USART_GetFlagStatus                      0x080031d5   Thumb Code    14  stm32f10x_usart.o(i.USART_GetFlagStatus)
    USART_GetITStatus                        0x080031e3   Thumb Code    64  stm32f10x_usart.o(i.USART_GetITStatus)
    USART_ITConfig                           0x08003223   Thumb Code    54  stm32f10x_usart.o(i.USART_ITConfig)
    USART_Init                               0x08003259   Thumb Code   182  stm32f10x_usart.o(i.USART_Init)
    USART_ReceiveData                        0x08003315   Thumb Code     8  stm32f10x_usart.o(i.USART_ReceiveData)
    USART_SendData                           0x0800331d   Thumb Code     8  stm32f10x_usart.o(i.USART_SendData)
    UsageFault_Handler                       0x08003325   Thumb Code     2  stm32f10x_it.o(i.UsageFault_Handler)
    WriteCmd                                 0x08003327   Thumb Code     8  oled_i2c.o(i.WriteCmd)
    WriteDat                                 0x0800332f   Thumb Code     8  oled_i2c.o(i.WriteDat)
    __0printf                                0x08003339   Thumb Code    22  printfa.o(i.__0printf)
    __1printf                                0x08003339   Thumb Code     0  printfa.o(i.__0printf)
    __2printf                                0x08003339   Thumb Code     0  printfa.o(i.__0printf)
    __c89printf                              0x08003339   Thumb Code     0  printfa.o(i.__0printf)
    printf                                   0x08003339   Thumb Code     0  printfa.o(i.__0printf)
    __0sprintf                               0x08003359   Thumb Code    34  printfa.o(i.__0sprintf)
    __1sprintf                               0x08003359   Thumb Code     0  printfa.o(i.__0sprintf)
    __2sprintf                               0x08003359   Thumb Code     0  printfa.o(i.__0sprintf)
    __c89sprintf                             0x08003359   Thumb Code     0  printfa.o(i.__0sprintf)
    sprintf                                  0x08003359   Thumb Code     0  printfa.o(i.__0sprintf)
    __0vsnprintf                             0x08003381   Thumb Code    32  printfa.o(i.__0vsnprintf)
    __1vsnprintf                             0x08003381   Thumb Code     0  printfa.o(i.__0vsnprintf)
    __2vsnprintf                             0x08003381   Thumb Code     0  printfa.o(i.__0vsnprintf)
    __c89vsnprintf                           0x08003381   Thumb Code     0  printfa.o(i.__0vsnprintf)
    vsnprintf                                0x08003381   Thumb Code     0  printfa.o(i.__0vsnprintf)
    __0vsprintf                              0x080033a5   Thumb Code    30  printfa.o(i.__0vsprintf)
    __1vsprintf                              0x080033a5   Thumb Code     0  printfa.o(i.__0vsprintf)
    __2vsprintf                              0x080033a5   Thumb Code     0  printfa.o(i.__0vsprintf)
    __c89vsprintf                            0x080033a5   Thumb Code     0  printfa.o(i.__0vsprintf)
    vsprintf                                 0x080033a5   Thumb Code     0  printfa.o(i.__0vsprintf)
    __aeabi_errno_addr                       0x080033c9   Thumb Code     4  errno.o(i.__aeabi_errno_addr)
    __rt_errno_addr                          0x080033c9   Thumb Code     0  errno.o(i.__aeabi_errno_addr)
    __scatterload_copy                       0x080033d1   Thumb Code    14  handlers.o(i.__scatterload_copy)
    __scatterload_null                       0x080033df   Thumb Code     2  handlers.o(i.__scatterload_null)
    __scatterload_zeroinit                   0x080033e1   Thumb Code    14  handlers.o(i.__scatterload_zeroinit)
    _is_digit                                0x08003555   Thumb Code    14  scanf_fp.o(i._is_digit)
    _nmea_parse_time                         0x08003565   Thumb Code    94  parse.o(i._nmea_parse_time)
    check_cmd                                0x08003d55   Thumb Code    20  bsp_ec20.o(i.check_cmd)
    error                                    0x08003d71   Thumb Code     2  gps_config.o(i.error)
    fputc                                    0x08003d75   Thumb Code    30  bsp_usart1.o(i.fputc)
    free                                     0x08003d99   Thumb Code    76  malloc.o(i.free)
    gps_info                                 0x08003de9   Thumb Code    42  gps_config.o(i.gps_info)
    main                                     0x08003e29   Thumb Code   256  main.o(i.main)
    malloc                                   0x08004025   Thumb Code    92  malloc.o(i.malloc)
    nmea_BDGSA2info                          0x08004091   Thumb Code   112  parse.o(i.nmea_BDGSA2info)
    nmea_BDGSV2info                          0x08004101   Thumb Code   116  parse.o(i.nmea_BDGSV2info)
    nmea_GNGGA2info                          0x08004175   Thumb Code   102  parse.o(i.nmea_GNGGA2info)
    nmea_GNGLL2info                          0x080041db   Thumb Code   122  parse.o(i.nmea_GNGLL2info)
    nmea_GNRMC2info                          0x08004255   Thumb Code   156  parse.o(i.nmea_GNRMC2info)
    nmea_GNVTG2info                          0x080042f9   Thumb Code    50  parse.o(i.nmea_GNVTG2info)
    nmea_GNZDA2info                          0x0800432b   Thumb Code    24  parse.o(i.nmea_GNZDA2info)
    nmea_GPGGA2info                          0x08004343   Thumb Code    98  parse.o(i.nmea_GPGGA2info)
    nmea_GPGSA2info                          0x080043a5   Thumb Code   110  parse.o(i.nmea_GPGSA2info)
    nmea_GPGSV2info                          0x08004413   Thumb Code   114  parse.o(i.nmea_GPGSV2info)
    nmea_GPRMC2info                          0x08004485   Thumb Code   140  parse.o(i.nmea_GPRMC2info)
    nmea_GPTXT2info                          0x08004519   Thumb Code    62  parse.o(i.nmea_GPTXT2info)
    nmea_GPVTG2info                          0x080045a9   Thumb Code    34  parse.o(i.nmea_GPVTG2info)
    nmea_atof                                0x080045cb   Thumb Code    44  tok.o(i.nmea_atof)
    nmea_atoi                                0x080045f7   Thumb Code    46  tok.o(i.nmea_atoi)
    nmea_decode_test                         0x08004625   Thumb Code   494  nema_decode_test.o(i.nmea_decode_test)
    nmea_error                               0x08004991   Thumb Code    62  context.o(i.nmea_error)
    nmea_find_tail                           0x080049cf   Thumb Code   124  parse.o(i.nmea_find_tail)
    nmea_info                                0x08004a4b   Thumb Code    62  context.o(i.nmea_info)
    nmea_ndeg2degree                         0x08004a89   Thumb Code    84  gmath.o(i.nmea_ndeg2degree)
    nmea_pack_type                           0x08004ae5   Thumb Code   254  parse.o(i.nmea_pack_type)
    nmea_parse                               0x08004be9   Thumb Code   248  parser.o(i.nmea_parse)
    nmea_parse_BDGSA                         0x08004ce1   Thumb Code   130  parse.o(i.nmea_parse_BDGSA)
    nmea_parse_BDGSV                         0x08004db5   Thumb Code   164  parse.o(i.nmea_parse_BDGSV)
    nmea_parse_GNGGA                         0x08004e71   Thumb Code   146  parse.o(i.nmea_parse_GNGGA)
    nmea_parse_GNGLL                         0x08004f65   Thumb Code   116  parse.o(i.nmea_parse_GNGLL)
    nmea_parse_GNRMC                         0x08005025   Thumb Code   152  parse.o(i.nmea_parse_GNRMC)
    nmea_parse_GNVTG                         0x0800511d   Thumb Code   134  parse.o(i.nmea_parse_GNVTG)
    nmea_parse_GNZDA                         0x08005201   Thumb Code   114  parse.o(i.nmea_parse_GNZDA)
    nmea_parse_GPGGA                         0x080052c1   Thumb Code   146  parse.o(i.nmea_parse_GPGGA)
    nmea_parse_GPGSA                         0x080053b5   Thumb Code   130  parse.o(i.nmea_parse_GPGSA)
    nmea_parse_GPGSV                         0x08005489   Thumb Code   164  parse.o(i.nmea_parse_GPGSV)
    nmea_parse_GPRMC                         0x08005545   Thumb Code   152  parse.o(i.nmea_parse_GPRMC)
    nmea_parse_GPTXT                         0x0800563d   Thumb Code    68  parse.o(i.nmea_parse_GPTXT)
    nmea_parse_GPVTG                         0x080056b1   Thumb Code   132  parse.o(i.nmea_parse_GPVTG)
    nmea_parser_buff_clear                   0x0800578d   Thumb Code     8  parser.o(i.nmea_parser_buff_clear)
    nmea_parser_init                         0x08005795   Thumb Code    54  parser.o(i.nmea_parser_init)
    nmea_parser_pop                          0x080057e5   Thumb Code    36  parser.o(i.nmea_parser_pop)
    nmea_parser_push                         0x08005809   Thumb Code    44  parser.o(i.nmea_parser_push)
    nmea_parser_real_push                    0x08005835   Thumb Code   998  parser.o(i.nmea_parser_real_push)
    nmea_property                            0x08005c35   Thumb Code     4  context.o(i.nmea_property)
    nmea_scanf                               0x08005c3d   Thumb Code   436  tok.o(i.nmea_scanf)
    nmea_time_now                            0x08005df1   Thumb Code    22  time.o(i.nmea_time_now)
    nmea_trace_buff                          0x08005e07   Thumb Code    28  context.o(i.nmea_trace_buff)
    nmea_zero_INFO                           0x08005e23   Thumb Code    30  info.o(i.nmea_zero_INFO)
    strtod                                   0x08005e41   Thumb Code    28  strtod.o(i.strtod)
    trace                                    0x08005e5d   Thumb Code     2  gps_config.o(i.trace)
    u2_printf                                0x08005e61   Thumb Code    50  bsp_usart2.o(i.u2_printf)
    F6x8                                     0x08005e9c   Data         552  oled_i2c.o(.constdata)
    F8X16                                    0x080060c4   Data        1520  oled_i2c.o(.constdata)
    __ctype_table                            0x080066b4   Data         129  ctype_o.o(.constdata)
    Region$$Table$$Base                      0x0800688c   Number         0  anon$$obj.o(Region$$Table)
    Region$$Table$$Limit                     0x080068ac   Number         0  anon$$obj.o(Region$$Table)
    SystemCoreClock                          0x20000000   Data           4  system_stm32f10x.o(.data)
    AHBPrescTable                            0x20000004   Data          16  system_stm32f10x.o(.data)
    errcont                                  0x20000028   Data           4  main.o(.data)
    man                                      0x2000002c   Data           4  stm32f10x_it.o(.data)
    m                                        0x20000030   Data           1  nema_decode_test.o(.data)
    body_temperature                         0x20000034   Data           4  nema_decode_test.o(.data)
    deg_lat                                  0x20000038   Data           8  nema_decode_test.o(.data)
    deg_lon                                  0x20000040   Data           8  nema_decode_test.o(.data)
    deg_elv                                  0x20000048   Data           8  nema_decode_test.o(.data)
    deg_speed                                0x20000050   Data           8  nema_decode_test.o(.data)
    GPS_TransferEnd                          0x2000005c   Data           1  gps_config.o(.data)
    GPS_HalfTransferEnd                      0x2000005d   Data           1  gps_config.o(.data)
    DHT11_Data                               0x20000060   Data           5  bsp_ec20.o(.data)
    temp                                     0x20000068   Data           8  bsp_ec20.o(.data)
    humi                                     0x20000070   Data           8  bsp_ec20.o(.data)
    USART1_RX_STA                            0x20000078   Data           2  bsp_usart1.o(.data)
    USART2_RX_STA                            0x2000007a   Data           2  bsp_usart2.o(.data)
    F16x16                                   0x2000007c   Data         128  oled_i2c.o(.data)
    FF16x16                                  0x200000fc   Data         256  oled_i2c.o(.data)
    FFF16x16                                 0x200001fc   Data         224  oled_i2c.o(.data)
    __stdout                                 0x20000320   Data           4  stdout.o(.data)
    __microlib_freelist                      0x20000324   Data           4  mvars.o(.data)
    __microlib_freelist_initialised          0x20000328   Data           4  mvars.o(.data)
    gps_rbuff                                0x20000330   Data         512  gps_config.o(.bss)
    EC20CSQ                                  0x20000530   Data         255  bsp_ec20.o(.bss)
    AtStrBuf                                 0x2000062f   Data         255  bsp_ec20.o(.bss)
    USART1_RX_BUF                            0x2000072e   Data         200  bsp_usart1.o(.bss)
    USART2_TX_BUF                            0x200007f6   Data        1024  bsp_usart2.o(.bss)
    USART2_RX_BUF                            0x20000bf6   Data        1024  bsp_usart2.o(.bss)
    txt_buff                                 0x20000ff6   Data         256  parse.o(.bss)
    __heap_base                              0x200010f8   Data           0  startup_stm32f10x_hd.o(HEAP)
    __heap_limit                             0x200020f8   Data           0  startup_stm32f10x_hd.o(HEAP)
    __initial_sp                             0x200030f8   Data           0  startup_stm32f10x_hd.o(STACK)



==============================================================================

Memory Map of the image

  Image Entry point : 0x08000131

  Load Region LR_IROM1 (Base: 0x08000000, Size: 0x00006bdc, Max: 0x00080000, ABSOLUTE, COMPRESSED[0x00006ad4])

    Execution Region ER_IROM1 (Base: 0x08000000, Size: 0x000068ac, Max: 0x00080000, ABSOLUTE)

    Base Addr    Size         Type   Attr      Idx    E Section Name        Object

    0x08000000   0x00000130   Data   RO            3    RESET               startup_stm32f10x_hd.o
    0x08000130   0x00000000   Code   RO         3308  * .ARM.Collect$$$$00000000  mc_w.l(entry.o)
    0x08000130   0x00000004   Code   RO         3714    .ARM.Collect$$$$00000001  mc_w.l(entry2.o)
    0x08000134   0x00000004   Code   RO         3717    .ARM.Collect$$$$00000004  mc_w.l(entry5.o)
    0x08000138   0x00000000   Code   RO         3719    .ARM.Collect$$$$00000008  mc_w.l(entry7b.o)
    0x08000138   0x00000000   Code   RO         3721    .ARM.Collect$$$$0000000A  mc_w.l(entry8b.o)
    0x08000138   0x00000008   Code   RO         3722    .ARM.Collect$$$$0000000B  mc_w.l(entry9a.o)
    0x08000140   0x00000000   Code   RO         3724    .ARM.Collect$$$$0000000D  mc_w.l(entry10a.o)
    0x08000140   0x00000000   Code   RO         3726    .ARM.Collect$$$$0000000F  mc_w.l(entry11a.o)
    0x08000140   0x00000004   Code   RO         3715    .ARM.Collect$$$$00002712  mc_w.l(entry2.o)
    0x08000144   0x00000024   Code   RO            4    .text               startup_stm32f10x_hd.o
    0x08000168   0x00000008   Code   RO         3311    .text               mc_w.l(ctype_o.o)
    0x08000170   0x00000012   Code   RO         3333    .text               mc_w.l(isspace_o.o)
    0x08000182   0x00000024   Code   RO         3342    .text               mc_w.l(memcpya.o)
    0x080001a6   0x00000024   Code   RO         3344    .text               mc_w.l(memseta.o)
    0x080001ca   0x00000024   Code   RO         3346    .text               mc_w.l(strstr.o)
    0x080001ee   0x0000000e   Code   RO         3348    .text               mc_w.l(strlen.o)
    0x080001fc   0x00000014   Code   RO         3350    .text               mc_w.l(memchr.o)
    0x08000210   0x0000001a   Code   RO         3352    .text               mc_w.l(memcmp.o)
    0x0800022a   0x00000070   Code   RO         3645    .text               mc_w.l(strtol.o)
    0x0800029a   0x000000b0   Code   RO         3647    .text               mf_w.l(fadd.o)
    0x0800034a   0x0000014e   Code   RO         3649    .text               mf_w.l(dadd.o)
    0x08000498   0x000000e4   Code   RO         3651    .text               mf_w.l(dmul.o)
    0x0800057c   0x000000de   Code   RO         3653    .text               mf_w.l(ddiv.o)
    0x0800065a   0x0000000a   Code   RO         3657    .text               mf_w.l(ffltui.o)
    0x08000664   0x00000022   Code   RO         3659    .text               mf_w.l(dflti.o)
    0x08000686   0x0000001a   Code   RO         3661    .text               mf_w.l(dfltui.o)
    0x080006a0   0x00000028   Code   RO         3663    .text               mf_w.l(ffixui.o)
    0x080006c8   0x0000003e   Code   RO         3665    .text               mf_w.l(dfixi.o)
    0x08000706   0x00000026   Code   RO         3667    .text               mf_w.l(f2d.o)
    0x0800072c   0x00000030   Code   RO         3671    .text               mf_w.l(cdrcmple.o)
    0x0800075c   0x00000038   Code   RO         3673    .text               mf_w.l(d2f.o)
    0x08000794   0x0000002c   Code   RO         3729    .text               mc_w.l(uidiv.o)
    0x080007c0   0x00000062   Code   RO         3731    .text               mc_w.l(uldiv.o)
    0x08000822   0x0000001e   Code   RO         3733    .text               mc_w.l(llshl.o)
    0x08000840   0x00000020   Code   RO         3735    .text               mc_w.l(llushr.o)
    0x08000860   0x00000024   Code   RO         3737    .text               mc_w.l(llsshr.o)
    0x08000884   0x0000009e   Code   RO         3748    .text               mc_w.l(_strtoul.o)
    0x08000922   0x00000002   PAD
    0x08000924   0x0000009c   Code   RO         3750    .text               mc_w.l(strtod.o)
    0x080009c0   0x00000000   Code   RO         3752    .text               mc_w.l(iusefp.o)
    0x080009c0   0x0000006e   Code   RO         3753    .text               mf_w.l(fepilogue.o)
    0x08000a2e   0x000000ba   Code   RO         3755    .text               mf_w.l(depilogue.o)
    0x08000ae8   0x00000030   Code   RO         3759    .text               mf_w.l(dfixul.o)
    0x08000b18   0x00000024   Code   RO         3761    .text               mc_w.l(init.o)
    0x08000b3c   0x0000001c   Code   RO         3765    .text               mc_w.l(_chval.o)
    0x08000b58   0x00000338   Code   RO         3767    .text               mc_w.l(scanf_fp.o)
    0x08000e90   0x00000040   Code   RO         3771    .text               mc_w.l(_sgetc.o)
    0x08000ed0   0x00000018   Code   RO         3776    .text               mf_w.l(dfltul.o)
    0x08000ee8   0x00000056   Code   RO         3786    .text               mc_w.l(__dczerorl2.o)
    0x08000f3e   0x00000002   Code   RO         1672    i.BusFault_Handler  stm32f10x_it.o
    0x08000f40   0x00000024   Code   RO         1839    i.CPU_TS_TmrInit    core_delay.o
    0x08000f64   0x0000000c   Code   RO         1840    i.CPU_TS_TmrRd      core_delay.o
    0x08000f70   0x00000048   Code   RO         1841    i.CPU_TS_Tmr_Delay_US  core_delay.o
    0x08000fb8   0x0000002c   Code   RO         2012    i.DHT11_GPIO_Config  bsp_dht11.o
    0x08000fe4   0x00000018   Code   RO         2013    i.DHT11_Init        bsp_dht11.o
    0x08000ffc   0x0000001c   Code   RO         2014    i.DHT11_Mode_IPU    bsp_dht11.o
    0x08001018   0x00000024   Code   RO         2015    i.DHT11_Mode_Out_PP  bsp_dht11.o
    0x0800103c   0x00000060   Code   RO         2016    i.DHT11_ReadByte    bsp_dht11.o
    0x0800109c   0x0000009c   Code   RO         2017    i.DHT11_Read_TempAndHumidity  bsp_dht11.o
    0x08001138   0x00000004   Code   RO         1673    i.DMA1_Channel3_IRQHandler  stm32f10x_it.o
    0x0800113c   0x00000018   Code   RO          177    i.DMA_ClearFlag     stm32f10x_dma.o
    0x08001154   0x0000001a   Code   RO          179    i.DMA_Cmd           stm32f10x_dma.o
    0x0800116e   0x00000002   PAD
    0x08001170   0x000000f8   Code   RO          180    i.DMA_DeInit        stm32f10x_dma.o
    0x08001268   0x00000024   Code   RO          183    i.DMA_GetITStatus   stm32f10x_dma.o
    0x0800128c   0x00000014   Code   RO          184    i.DMA_ITConfig      stm32f10x_dma.o
    0x080012a0   0x0000003a   Code   RO          185    i.DMA_Init          stm32f10x_dma.o
    0x080012da   0x00000004   Code   RO          186    i.DMA_SetCurrDataCounter  stm32f10x_dma.o
    0x080012de   0x00000002   PAD
    0x080012e0   0x0000005c   Code   RO         1866    i.DMA_USARTx_TX_Config  bsp_dma.o
    0x0800133c   0x00000002   Code   RO         1674    i.DebugMon_Handler  stm32f10x_it.o
    0x0800133e   0x00000002   PAD
    0x08001340   0x00000024   Code   RO         1792    i.Delay_ms          bsp_systick.o
    0x08001364   0x00000238   Code   RO         1948    i.EC20_CONNECT_MQTT_SERVER  bsp_ec20.o
    0x0800159c   0x00000004   Code   RO         1949    i.EC20_CONNECT_SERVER_CFG_INFOR  bsp_ec20.o
    0x080015a0   0x000000b8   Code   RO         1950    i.EC20_INIT         bsp_ec20.o
    0x08001658   0x000003ec   Code   RO         1951    i.EC20_MQTT_SEND_AUTO  bsp_ec20.o
    0x08001a44   0x00000044   Code   RO         1952    i.EC20_check_cmd    bsp_ec20.o
    0x08001a88   0x00000094   Code   RO         1953    i.EC20_send_cmd     bsp_ec20.o
    0x08001b1c   0x000000b4   Code   RO         1954    i.EC20_work_test    bsp_ec20.o
    0x08001bd0   0x0000004c   Code   RO         1675    i.EXTI0_IRQHandler  stm32f10x_it.o
    0x08001c1c   0x00000050   Code   RO         1676    i.EXTI15_10_IRQHandler  stm32f10x_it.o
    0x08001c6c   0x0000000c   Code   RO          250    i.EXTI_ClearITPendingBit  stm32f10x_exti.o
    0x08001c78   0x00000020   Code   RO          254    i.EXTI_GetITStatus  stm32f10x_exti.o
    0x08001c98   0x00000074   Code   RO          255    i.EXTI_Init         stm32f10x_exti.o
    0x08001d0c   0x00000080   Code   RO         2179    i.EXTI_Key_Config   bsp_exti.o
    0x08001d8c   0x00000144   Code   RO         1884    i.GMTconvert        gps_config.o
    0x08001ed0   0x00000028   Code   RO          306    i.GPIO_EXTILineConfig  stm32f10x_gpio.o
    0x08001ef8   0x000000a6   Code   RO          309    i.GPIO_Init         stm32f10x_gpio.o
    0x08001f9e   0x0000000e   Code   RO          313    i.GPIO_ReadInputDataBit  stm32f10x_gpio.o
    0x08001fac   0x00000004   Code   RO          316    i.GPIO_ResetBits    stm32f10x_gpio.o
    0x08001fb0   0x00000004   Code   RO          317    i.GPIO_SetBits      stm32f10x_gpio.o
    0x08001fb4   0x0000000e   Code   RO         1885    i.GPS_Config        gps_config.o
    0x08001fc2   0x00000002   PAD
    0x08001fc4   0x00000070   Code   RO         1886    i.GPS_DMA_Config    gps_config.o
    0x08002034   0x00000028   Code   RO         1887    i.GPS_Interrupt_Config  gps_config.o
    0x0800205c   0x00000044   Code   RO         1677    i.GPS_ProcessDMAIRQ  stm32f10x_it.o
    0x080020a0   0x00000084   Code   RO         1888    i.GPS_USART_Config  gps_config.o
    0x08002124   0x00000002   Code   RO         1678    i.HardFault_Handler  stm32f10x_it.o
    0x08002126   0x00000018   Code   RO          420    i.I2C_CheckEvent    stm32f10x_i2c.o
    0x0800213e   0x00000018   Code   RO          423    i.I2C_Cmd           stm32f10x_i2c.o
    0x08002156   0x00000002   PAD
    0x08002158   0x00000084   Code   RO         2271    i.I2C_Configuration  oled_i2c.o
    0x080021dc   0x00000018   Code   RO          430    i.I2C_GenerateSTART  stm32f10x_i2c.o
    0x080021f4   0x00000018   Code   RO          431    i.I2C_GenerateSTOP  stm32f10x_i2c.o
    0x0800220c   0x00000032   Code   RO          432    i.I2C_GetFlagStatus  stm32f10x_i2c.o
    0x0800223e   0x00000002   PAD
    0x08002240   0x000000c0   Code   RO          437    i.I2C_Init          stm32f10x_i2c.o
    0x08002300   0x00000012   Code   RO          444    i.I2C_Send7bitAddress  stm32f10x_i2c.o
    0x08002312   0x00000004   Code   RO          445    i.I2C_SendData      stm32f10x_i2c.o
    0x08002316   0x00000002   PAD
    0x08002318   0x0000008c   Code   RO         2272    i.I2C_WriteByte     oled_i2c.o
    0x080023a4   0x0000002c   Code   RO         1889    i.IsLeapYear        gps_config.o
    0x080023d0   0x00000060   Code   RO         2050    i.LED_GPIO_Config   bsp_led.o
    0x08002430   0x00000002   Code   RO         1679    i.MemManage_Handler  stm32f10x_it.o
    0x08002432   0x00000002   Code   RO         1680    i.NMI_Handler       stm32f10x_it.o
    0x08002434   0x00000028   Code   RO         2062    i.NVIC_Configuration  bsp_tim.o
    0x0800245c   0x00000028   Code   RO         2098    i.NVIC_Configuration  bsp_usart1.o
    0x08002484   0x00000028   Code   RO         2134    i.NVIC_Configuration  bsp_usart2.o
    0x080024ac   0x00000034   Code   RO         2180    i.NVIC_Configuration  bsp_exti.o
    0x080024e0   0x00000064   Code   RO          137    i.NVIC_Init         misc.o
    0x08002544   0x00000014   Code   RO          138    i.NVIC_PriorityGroupConfig  misc.o
    0x08002558   0x0000001c   Code   RO         1549    i.NVIC_SystemReset  main.o
    0x08002574   0x00000036   Code   RO         2274    i.OLED_Fill         oled_i2c.o
    0x080025aa   0x000000b6   Code   RO         2275    i.OLED_Init         oled_i2c.o
    0x08002660   0x00000026   Code   RO         2278    i.OLED_SetPos       oled_i2c.o
    0x08002686   0x00000002   PAD
    0x08002688   0x0000004c   Code   RO         2279    i.OLED_ShowCN       oled_i2c.o
    0x080026d4   0x0000004c   Code   RO         2280    i.OLED_ShowCN2      oled_i2c.o
    0x08002720   0x0000004c   Code   RO         2281    i.OLED_ShowCN3      oled_i2c.o
    0x0800276c   0x000000cc   Code   RO         2282    i.OLED_ShowStr      oled_i2c.o
    0x08002838   0x00000060   Code   RO         2283    i.OLED_Show_num     oled_i2c.o
    0x08002898   0x000000a8   Code   RO         2196    i.PEC_Calculation   mlx90614.o
    0x08002940   0x00000002   Code   RO         1681    i.PendSV_Handler    stm32f10x_it.o
    0x08002942   0x00000002   PAD
    0x08002944   0x0000001c   Code   RO          622    i.RCC_AHBPeriphClockCmd  stm32f10x_rcc.o
    0x08002960   0x0000001c   Code   RO          623    i.RCC_APB1PeriphClockCmd  stm32f10x_rcc.o
    0x0800297c   0x0000001c   Code   RO          625    i.RCC_APB2PeriphClockCmd  stm32f10x_rcc.o
    0x08002998   0x000000ac   Code   RO          633    i.RCC_GetClocksFreq  stm32f10x_rcc.o
    0x08002a44   0x00000018   Code   RO         2197    i.SMBus_Delay       mlx90614.o
    0x08002a5c   0x00000038   Code   RO         2198    i.SMBus_Init        mlx90614.o
    0x08002a94   0x00000088   Code   RO         2199    i.SMBus_ReadMemory  mlx90614.o
    0x08002b1c   0x00000040   Code   RO         2200    i.SMBus_ReadTemp    mlx90614.o
    0x08002b5c   0x0000003c   Code   RO         2201    i.SMBus_ReceiveBit  mlx90614.o
    0x08002b98   0x0000002e   Code   RO         2202    i.SMBus_ReceiveByte  mlx90614.o
    0x08002bc6   0x00000002   PAD
    0x08002bc8   0x00000034   Code   RO         2203    i.SMBus_SendBit     mlx90614.o
    0x08002bfc   0x00000028   Code   RO         2204    i.SMBus_SendByte    mlx90614.o
    0x08002c24   0x00000034   Code   RO         2205    i.SMBus_StartBit    mlx90614.o
    0x08002c58   0x0000002c   Code   RO         2206    i.SMBus_StopBit     mlx90614.o
    0x08002c84   0x00000002   Code   RO         1682    i.SVC_Handler       stm32f10x_it.o
    0x08002c86   0x00000004   Code   RO           24    i.SetSysClock       system_stm32f10x.o
    0x08002c8a   0x00000002   PAD
    0x08002c8c   0x000000b0   Code   RO           25    i.SetSysClockTo72   system_stm32f10x.o
    0x08002d3c   0x0000002c   Code   RO         1793    i.SysTick_Config    bsp_systick.o
    0x08002d68   0x00000004   Code   RO         1683    i.SysTick_Handler   stm32f10x_it.o
    0x08002d6c   0x00000014   Code   RO         1796    i.SysTick_Init      bsp_systick.o
    0x08002d80   0x00000050   Code   RO           27    i.SystemInit        system_stm32f10x.o
    0x08002dd0   0x00000038   Code   RO         1684    i.TIM4_IRQHandler   stm32f10x_it.o
    0x08002e08   0x00000040   Code   RO         2063    i.TIM4_Init         bsp_tim.o
    0x08002e48   0x00000030   Code   RO         2064    i.TIM4_Set          bsp_tim.o
    0x08002e78   0x00000006   Code   RO          832    i.TIM_ClearITPendingBit  stm32f10x_tim.o
    0x08002e7e   0x00000018   Code   RO          837    i.TIM_Cmd           stm32f10x_tim.o
    0x08002e96   0x00000018   Code   RO          858    i.TIM_GetITStatus   stm32f10x_tim.o
    0x08002eae   0x00000014   Code   RO          862    i.TIM_ITConfig      stm32f10x_tim.o
    0x08002ec2   0x00000004   Code   RO          902    i.TIM_SetCounter    stm32f10x_tim.o
    0x08002ec6   0x00000002   PAD
    0x08002ec8   0x0000009c   Code   RO          908    i.TIM_TimeBaseInit  stm32f10x_tim.o
    0x08002f64   0x00000014   Code   RO         1797    i.TimingDelay_Decrement  bsp_systick.o
    0x08002f78   0x00000022   Code   RO         1867    i.UART_DMA_Enable   bsp_dma.o
    0x08002f9a   0x00000002   PAD
    0x08002f9c   0x00000094   Code   RO         2099    i.USART1_Config     bsp_usart1.o
    0x08003030   0x00000068   Code   RO         1685    i.USART1_IRQHandler  stm32f10x_it.o
    0x08003098   0x000000b4   Code   RO         2135    i.USART2_Config     bsp_usart2.o
    0x0800314c   0x0000005c   Code   RO         1686    i.USART2_IRQHandler  stm32f10x_it.o
    0x080031a8   0x00000018   Code   RO         1373    i.USART_Cmd         stm32f10x_usart.o
    0x080031c0   0x00000014   Code   RO         1374    i.USART_DMACmd      stm32f10x_usart.o
    0x080031d4   0x0000000e   Code   RO         1376    i.USART_GetFlagStatus  stm32f10x_usart.o
    0x080031e2   0x00000040   Code   RO         1377    i.USART_GetITStatus  stm32f10x_usart.o
    0x08003222   0x00000036   Code   RO         1379    i.USART_ITConfig    stm32f10x_usart.o
    0x08003258   0x000000bc   Code   RO         1380    i.USART_Init        stm32f10x_usart.o
    0x08003314   0x00000008   Code   RO         1387    i.USART_ReceiveData  stm32f10x_usart.o
    0x0800331c   0x00000008   Code   RO         1390    i.USART_SendData    stm32f10x_usart.o
    0x08003324   0x00000002   Code   RO         1687    i.UsageFault_Handler  stm32f10x_it.o
    0x08003326   0x00000008   Code   RO         2284    i.WriteCmd          oled_i2c.o
    0x0800332e   0x00000008   Code   RO         2285    i.WriteDat          oled_i2c.o
    0x08003336   0x00000002   PAD
    0x08003338   0x00000020   Code   RO         3589    i.__0printf         mc_w.l(printfa.o)
    0x08003358   0x00000028   Code   RO         3591    i.__0sprintf        mc_w.l(printfa.o)
    0x08003380   0x00000024   Code   RO         3594    i.__0vsnprintf      mc_w.l(printfa.o)
    0x080033a4   0x00000024   Code   RO         3595    i.__0vsprintf       mc_w.l(printfa.o)
    0x080033c8   0x00000008   Code   RO         3741    i.__aeabi_errno_addr  mc_w.l(errno.o)
    0x080033d0   0x0000000e   Code   RO         3780    i.__scatterload_copy  mc_w.l(handlers.o)
    0x080033de   0x00000002   Code   RO         3781    i.__scatterload_null  mc_w.l(handlers.o)
    0x080033e0   0x0000000e   Code   RO         3782    i.__scatterload_zeroinit  mc_w.l(handlers.o)
    0x080033ee   0x00000002   PAD
    0x080033f0   0x00000164   Code   RO         3596    i._fp_digits        mc_w.l(printfa.o)
    0x08003554   0x0000000e   Code   RO         3769    i._is_digit         mc_w.l(scanf_fp.o)
    0x08003562   0x00000002   PAD
    0x08003564   0x000000a0   Code   RO         2795    i._nmea_parse_time  parse.o
    0x08003604   0x000006dc   Code   RO         3597    i._printf_core      mc_w.l(printfa.o)
    0x08003ce0   0x00000024   Code   RO         3598    i._printf_post_padding  mc_w.l(printfa.o)
    0x08003d04   0x0000002e   Code   RO         3599    i._printf_pre_padding  mc_w.l(printfa.o)
    0x08003d32   0x00000016   Code   RO         3600    i._snputc           mc_w.l(printfa.o)
    0x08003d48   0x0000000a   Code   RO         3601    i._sputc            mc_w.l(printfa.o)
    0x08003d52   0x00000002   PAD
    0x08003d54   0x0000001c   Code   RO         1955    i.check_cmd         bsp_ec20.o
    0x08003d70   0x00000002   Code   RO         1890    i.error             gps_config.o
    0x08003d72   0x00000002   PAD
    0x08003d74   0x00000024   Code   RO         2101    i.fputc             bsp_usart1.o
    0x08003d98   0x00000050   Code   RO         3617    i.free              mc_w.l(malloc.o)
    0x08003de8   0x00000040   Code   RO         1891    i.gps_info          gps_config.o
    0x08003e28   0x000001fc   Code   RO         1550    i.main              main.o
    0x08004024   0x0000006c   Code   RO         3618    i.malloc            mc_w.l(malloc.o)
    0x08004090   0x00000070   Code   RO         2796    i.nmea_BDGSA2info   parse.o
    0x08004100   0x00000074   Code   RO         2797    i.nmea_BDGSV2info   parse.o
    0x08004174   0x00000066   Code   RO         2798    i.nmea_GNGGA2info   parse.o
    0x080041da   0x0000007a   Code   RO         2799    i.nmea_GNGLL2info   parse.o
    0x08004254   0x000000a4   Code   RO         2800    i.nmea_GNRMC2info   parse.o
    0x080042f8   0x00000032   Code   RO         2801    i.nmea_GNVTG2info   parse.o
    0x0800432a   0x00000018   Code   RO         2802    i.nmea_GNZDA2info   parse.o
    0x08004342   0x00000062   Code   RO         2803    i.nmea_GPGGA2info   parse.o
    0x080043a4   0x0000006e   Code   RO         2804    i.nmea_GPGSA2info   parse.o
    0x08004412   0x00000072   Code   RO         2805    i.nmea_GPGSV2info   parse.o
    0x08004484   0x00000094   Code   RO         2806    i.nmea_GPRMC2info   parse.o
    0x08004518   0x00000090   Code   RO         2807    i.nmea_GPTXT2info   parse.o
    0x080045a8   0x00000022   Code   RO         2808    i.nmea_GPVTG2info   parse.o
    0x080045ca   0x0000002c   Code   RO         3164    i.nmea_atof         tok.o
    0x080045f6   0x0000002e   Code   RO         3165    i.nmea_atoi         tok.o
    0x08004624   0x0000036c   Code   RO         1777    i.nmea_decode_test  nema_decode_test.o
    0x08004990   0x0000003e   Code   RO         2374    i.nmea_error        context.o
    0x080049ce   0x0000007c   Code   RO         2809    i.nmea_find_tail    parse.o
    0x08004a4a   0x0000003e   Code   RO         2375    i.nmea_info         context.o
    0x08004a88   0x0000005c   Code   RO         2683    i.nmea_ndeg2degree  gmath.o
    0x08004ae4   0x00000104   Code   RO         2810    i.nmea_pack_type    parse.o
    0x08004be8   0x000000f8   Code   RO         2990    i.nmea_parse        parser.o
    0x08004ce0   0x000000d4   Code   RO         2811    i.nmea_parse_BDGSA  parse.o
    0x08004db4   0x000000bc   Code   RO         2812    i.nmea_parse_BDGSV  parse.o
    0x08004e70   0x000000f4   Code   RO         2813    i.nmea_parse_GNGGA  parse.o
    0x08004f64   0x000000c0   Code   RO         2814    i.nmea_parse_GNGLL  parse.o
    0x08005024   0x000000f8   Code   RO         2815    i.nmea_parse_GNRMC  parse.o
    0x0800511c   0x000000e4   Code   RO         2816    i.nmea_parse_GNVTG  parse.o
    0x08005200   0x000000c0   Code   RO         2817    i.nmea_parse_GNZDA  parse.o
    0x080052c0   0x000000f4   Code   RO         2818    i.nmea_parse_GPGGA  parse.o
    0x080053b4   0x000000d4   Code   RO         2819    i.nmea_parse_GPGSA  parse.o
    0x08005488   0x000000bc   Code   RO         2820    i.nmea_parse_GPGSV  parse.o
    0x08005544   0x000000f8   Code   RO         2821    i.nmea_parse_GPRMC  parse.o
    0x0800563c   0x00000074   Code   RO         2822    i.nmea_parse_GPTXT  parse.o
    0x080056b0   0x000000dc   Code   RO         2823    i.nmea_parse_GPVTG  parse.o
    0x0800578c   0x00000008   Code   RO         2991    i.nmea_parser_buff_clear  parser.o
    0x08005794   0x00000050   Code   RO         2994    i.nmea_parser_init  parser.o
    0x080057e4   0x00000024   Code   RO         2996    i.nmea_parser_pop   parser.o
    0x08005808   0x0000002c   Code   RO         2997    i.nmea_parser_push  parser.o
    0x08005834   0x00000400   Code   RO         2999    i.nmea_parser_real_push  parser.o
    0x08005c34   0x00000008   Code   RO         2376    i.nmea_property     context.o
    0x08005c3c   0x000001b4   Code   RO         3168    i.nmea_scanf        tok.o
    0x08005df0   0x00000016   Code   RO         3146    i.nmea_time_now     time.o
    0x08005e06   0x0000001c   Code   RO         2378    i.nmea_trace_buff   context.o
    0x08005e22   0x0000001e   Code   RO         2780    i.nmea_zero_INFO    info.o
    0x08005e40   0x0000001c   Code   RO         3297    i.strtod            m_ws.l(strtod.o)
    0x08005e5c   0x00000002   Code   RO         1892    i.trace             gps_config.o
    0x08005e5e   0x00000002   PAD
    0x08005e60   0x0000003c   Code   RO         2137    i.u2_printf         bsp_usart2.o
    0x08005e9c   0x00000818   Data   RO         2286    .constdata          oled_i2c.o
    0x080066b4   0x00000081   Data   RO         3312    .constdata          mc_w.l(ctype_o.o)
    0x08006735   0x00000003   PAD
    0x08006738   0x00000004   Data   RO         3313    .constdata          mc_w.l(ctype_o.o)
    0x0800673c   0x00000060   Data   RO         1958    .conststring        bsp_ec20.o
    0x0800679c   0x000000ee   Data   RO         2825    .conststring        parse.o
    0x0800688a   0x00000002   PAD
    0x0800688c   0x00000020   Data   RO         3778    Region$$Table       anon$$obj.o


    Execution Region RW_IRAM1 (Base: 0x20000000, Size: 0x000030f8, Max: 0x00010000, ABSOLUTE, COMPRESSED[0x00000228])

    Base Addr    Size         Type   Attr      Idx    E Section Name        Object

    0x20000000   0x00000014   Data   RW           28    .data               system_stm32f10x.o
    0x20000014   0x00000014   Data   RW          653    .data               stm32f10x_rcc.o
    0x20000028   0x00000004   Data   RW         1551    .data               main.o
    0x2000002c   0x00000004   Data   RW         1688    .data               stm32f10x_it.o
    0x20000030   0x00000028   Data   RW         1778    .data               nema_decode_test.o
    0x20000058   0x00000004   Data   RW         1798    .data               bsp_systick.o
    0x2000005c   0x00000001   Data   RW         1894    .data               gps_config.o
    0x2000005d   0x00000001   Data   RW         1895    .data               gps_config.o
    0x2000005e   0x00000002   PAD
    0x20000060   0x00000018   Data   RW         1959    .data               bsp_ec20.o
    0x20000078   0x00000002   Data   RW         2103    .data               bsp_usart1.o
    0x2000007a   0x00000002   Data   RW         2140    .data               bsp_usart2.o
    0x2000007c   0x00000260   Data   RW         2287    .data               oled_i2c.o
    0x200002dc   0x00000010   Data   RW         2379    .data               context.o
    0x200002ec   0x00000034   Data   RW         2826    .data               parse.o
    0x20000320   0x00000004   Data   RW         3728    .data               mc_w.l(stdout.o)
    0x20000324   0x00000004   Data   RW         3739    .data               mc_w.l(mvars.o)
    0x20000328   0x00000004   Data   RW         3740    .data               mc_w.l(mvars.o)
    0x2000032c   0x00000004   Data   RW         3744    .data               mc_w.l(errno.o)
    0x20000330   0x00000200   Zero   RW         1893    .bss                gps_config.o
    0x20000530   0x000001fe   Zero   RW         1957    .bss                bsp_ec20.o
    0x2000072e   0x000000c8   Zero   RW         2102    .bss                bsp_usart1.o
    0x200007f6   0x00000400   Zero   RW         2138    .bss                bsp_usart2.o
    0x20000bf6   0x00000400   Zero   RW         2139    .bss                bsp_usart2.o
    0x20000ff6   0x00000100   Zero   RW         2824    .bss                parse.o
    0x200010f6   0x00000002   PAD
    0x200010f8   0x00001000   Zero   RW            2    HEAP                startup_stm32f10x_hd.o
    0x200020f8   0x00001000   Zero   RW            1    STACK               startup_stm32f10x_hd.o


==============================================================================

Image component sizes


      Code (inc. data)   RO Data    RW Data    ZI Data      Debug   Object Name

       384         30          0          0          0       3906   bsp_dht11.o
       126         12          0          0          0       1609   bsp_dma.o
      2184        918         96         24        510       8242   bsp_ec20.o
       180          8          0          0          0       1206   bsp_exti.o
        96          4          0          0          0        574   bsp_led.o
       120         20          0          4          0      17505   bsp_systick.o
       152         12          0          0          0       1743   bsp_tim.o
       224         16          0          2        200       2498   bsp_usart1.o
       280         22          0          2       2048       3279   bsp_usart2.o
       160          4          0         16          0       3915   context.o
         0          0          0          0          0       4492   core_cm3.o
       120         26          0          0          0       1674   core_delay.o
         0          0          0          0          0       3928   generate.o
        92          8          0          0          0        619   gmath.o
       734         46          0          2        512       6873   gps_config.o
        30          0          0          0          0       2225   info.o
       536        260          0          4          0      20980   main.o
       120         14          0          0          0       1727   misc.o
       742         38          0          0          0       8110   mlx90614.o
       876        382          0         40          0       1342   nema_decode_test.o
      1090         66       2072        608          0       8976   oled_i2c.o
      4614       1154        238         52        256      24205   parse.o
      1440         52          0          0          0       6510   parser.o
        36          8        304          0       8192        888   startup_stm32f10x_hd.o
       416         28          0          0          0       6376   stm32f10x_dma.o
       160         16          0          0          0       2436   stm32f10x_exti.o
       228          6          0          0          0       4646   stm32f10x_gpio.o
       360         10          0          0          0       7278   stm32f10x_i2c.o
       500        104          0          4          0       8523   stm32f10x_it.o
       256         36          0         20          0       5474   stm32f10x_rcc.o
       234         42          0          0          0       4563   stm32f10x_tim.o
       380          6          0          0          0       7520   stm32f10x_usart.o
       260         26          0         20          0     271265   system_stm32f10x.o
        22          0          0          0          0       1476   time.o
       526          0          0          0          0       2929   tok.o

    ----------------------------------------------------------------------
     17710       3374       2744        800      11720     459512   Object Totals
         0          0         32          0          0          0   (incl. Generated)
        32          0          2          2          2          0   (incl. Padding)

    ----------------------------------------------------------------------

      Code (inc. data)   RO Data    RW Data    ZI Data      Debug   Library Member Name

        28          0          0          0          0         80   strtod.o
        86          0          0          0          0          0   __dczerorl2.o
        28          0          0          0          0         68   _chval.o
        64          0          0          0          0         84   _sgetc.o
       158          0          0          0          0         92   _strtoul.o
         8          4        133          0          0         68   ctype_o.o
         0          0          0          0          0          0   entry.o
         0          0          0          0          0          0   entry10a.o
         0          0          0          0          0          0   entry11a.o
         8          4          0          0          0          0   entry2.o
         4          0          0          0          0          0   entry5.o
         0          0          0          0          0          0   entry7b.o
         0          0          0          0          0          0   entry8b.o
         8          4          0          0          0          0   entry9a.o
         8          4          0          4          0         68   errno.o
        30          0          0          0          0          0   handlers.o
        36          8          0          0          0         68   init.o
        18          0          0          0          0         76   isspace_o.o
         0          0          0          0          0          0   iusefp.o
        30          0          0          0          0         68   llshl.o
        36          0          0          0          0         68   llsshr.o
        32          0          0          0          0         68   llushr.o
       188         20          0          0          0        160   malloc.o
        20          0          0          0          0         68   memchr.o
        26          0          0          0          0         80   memcmp.o
        36          0          0          0          0         68   memcpya.o
        36          0          0          0          0        108   memseta.o
         0          0          0          8          0          0   mvars.o
      2370        106          0          0          0        824   printfa.o
       838         12          0          0          0        216   scanf_fp.o
         0          0          0          4          0          0   stdout.o
        14          0          0          0          0         68   strlen.o
        36          0          0          0          0         80   strstr.o
       156         14          0          0          0        120   strtod.o
       112          0          0          0          0         88   strtol.o
        44          0          0          0          0         80   uidiv.o
        98          0          0          0          0         92   uldiv.o
        48          0          0          0          0         68   cdrcmple.o
        56          0          0          0          0         88   d2f.o
       334          0          0          0          0        148   dadd.o
       222          0          0          0          0        100   ddiv.o
       186          0          0          0          0        176   depilogue.o
        62          0          0          0          0         80   dfixi.o
        48          0          0          0          0         68   dfixul.o
        34          0          0          0          0         76   dflti.o
        26          0          0          0          0         76   dfltui.o
        24          0          0          0          0         76   dfltul.o
       228          0          0          0          0         96   dmul.o
        38          0          0          0          0         68   f2d.o
       176          0          0          0          0        140   fadd.o
       110          0          0          0          0        168   fepilogue.o
        40          0          0          0          0         68   ffixui.o
        10          0          0          0          0         68   ffltui.o

    ----------------------------------------------------------------------
      6206        176        136         16          0       4424   Library Totals
         8          0          3          0          0          0   (incl. Padding)

    ----------------------------------------------------------------------

      Code (inc. data)   RO Data    RW Data    ZI Data      Debug   Library Name

        28          0          0          0          0         80   m_ws.l
      4528        176        133         16          0       2780   mc_w.l
      1642          0          0          0          0       1564   mf_w.l

    ----------------------------------------------------------------------
      6206        176        136         16          0       4424   Library Totals

    ----------------------------------------------------------------------

==============================================================================


      Code (inc. data)   RO Data    RW Data    ZI Data      Debug   

     23916       3550       2880        816      11720     452728   Grand Totals
     23916       3550       2880        552      11720     452728   ELF Image Totals (compressed)
     23916       3550       2880        552          0          0   ROM Totals

==============================================================================

    Total RO  Size (Code + RO Data)                26796 (  26.17kB)
    Total RW  Size (RW Data + ZI Data)             12536 (  12.24kB)
    Total ROM Size (Code + RO Data + RW Data)      27348 (  26.71kB)

==============================================================================

